Archive member included to satisfy reference by file (symbol)

c:/users/hp2021/onedrive/documents/asi/asi work folder long tran/stm32cubeide_1.6.1/stm32cubeide/plugins/com.st.stm32cube.ide.mcu.externaltools.gnu-tools-for-stm32.9-2020-q2-update.win32_1.5.0.202011040924/tools/bin/../lib/gcc/arm-none-eabi/9.3.1/../../../../arm-none-eabi/lib/thumb/v7e-m+fp/hard\libc_nano.a(lib_a-errno.o)
                              Core/Src/syscalls.o (__errno)
c:/users/hp2021/onedrive/documents/asi/asi work folder long tran/stm32cubeide_1.6.1/stm32cubeide/plugins/com.st.stm32cube.ide.mcu.externaltools.gnu-tools-for-stm32.9-2020-q2-update.win32_1.5.0.202011040924/tools/bin/../lib/gcc/arm-none-eabi/9.3.1/../../../../arm-none-eabi/lib/thumb/v7e-m+fp/hard\libc_nano.a(lib_a-exit.o)
                              c:/users/hp2021/onedrive/documents/asi/asi work folder long tran/stm32cubeide_1.6.1/stm32cubeide/plugins/com.st.stm32cube.ide.mcu.externaltools.gnu-tools-for-stm32.9-2020-q2-update.win32_1.5.0.202011040924/tools/bin/../lib/gcc/arm-none-eabi/9.3.1/../../../../arm-none-eabi/lib/thumb/v7e-m+fp/hard/crt0.o (exit)
c:/users/hp2021/onedrive/documents/asi/asi work folder long tran/stm32cubeide_1.6.1/stm32cubeide/plugins/com.st.stm32cube.ide.mcu.externaltools.gnu-tools-for-stm32.9-2020-q2-update.win32_1.5.0.202011040924/tools/bin/../lib/gcc/arm-none-eabi/9.3.1/../../../../arm-none-eabi/lib/thumb/v7e-m+fp/hard\libc_nano.a(lib_a-impure.o)
                              c:/users/hp2021/onedrive/documents/asi/asi work folder long tran/stm32cubeide_1.6.1/stm32cubeide/plugins/com.st.stm32cube.ide.mcu.externaltools.gnu-tools-for-stm32.9-2020-q2-update.win32_1.5.0.202011040924/tools/bin/../lib/gcc/arm-none-eabi/9.3.1/../../../../arm-none-eabi/lib/thumb/v7e-m+fp/hard\libc_nano.a(lib_a-exit.o) (_global_impure_ptr)
c:/users/hp2021/onedrive/documents/asi/asi work folder long tran/stm32cubeide_1.6.1/stm32cubeide/plugins/com.st.stm32cube.ide.mcu.externaltools.gnu-tools-for-stm32.9-2020-q2-update.win32_1.5.0.202011040924/tools/bin/../lib/gcc/arm-none-eabi/9.3.1/../../../../arm-none-eabi/lib/thumb/v7e-m+fp/hard\libc_nano.a(lib_a-init.o)
                              c:/users/hp2021/onedrive/documents/asi/asi work folder long tran/stm32cubeide_1.6.1/stm32cubeide/plugins/com.st.stm32cube.ide.mcu.externaltools.gnu-tools-for-stm32.9-2020-q2-update.win32_1.5.0.202011040924/tools/bin/../lib/gcc/arm-none-eabi/9.3.1/../../../../arm-none-eabi/lib/thumb/v7e-m+fp/hard/crt0.o (__libc_init_array)
c:/users/hp2021/onedrive/documents/asi/asi work folder long tran/stm32cubeide_1.6.1/stm32cubeide/plugins/com.st.stm32cube.ide.mcu.externaltools.gnu-tools-for-stm32.9-2020-q2-update.win32_1.5.0.202011040924/tools/bin/../lib/gcc/arm-none-eabi/9.3.1/../../../../arm-none-eabi/lib/thumb/v7e-m+fp/hard\libc_nano.a(lib_a-memset.o)
                              c:/users/hp2021/onedrive/documents/asi/asi work folder long tran/stm32cubeide_1.6.1/stm32cubeide/plugins/com.st.stm32cube.ide.mcu.externaltools.gnu-tools-for-stm32.9-2020-q2-update.win32_1.5.0.202011040924/tools/bin/../lib/gcc/arm-none-eabi/9.3.1/../../../../arm-none-eabi/lib/thumb/v7e-m+fp/hard/crt0.o (memset)
c:/users/hp2021/onedrive/documents/asi/asi work folder long tran/stm32cubeide_1.6.1/stm32cubeide/plugins/com.st.stm32cube.ide.mcu.externaltools.gnu-tools-for-stm32.9-2020-q2-update.win32_1.5.0.202011040924/tools/bin/../lib/gcc/arm-none-eabi/9.3.1/thumb/v7e-m+fp/hard\libgcc.a(_aeabi_uldivmod.o)
                              Drivers/STM32L4xx_HAL_Driver/Src/stm32l4xx_hal_uart.o (__aeabi_uldivmod)
c:/users/hp2021/onedrive/documents/asi/asi work folder long tran/stm32cubeide_1.6.1/stm32cubeide/plugins/com.st.stm32cube.ide.mcu.externaltools.gnu-tools-for-stm32.9-2020-q2-update.win32_1.5.0.202011040924/tools/bin/../lib/gcc/arm-none-eabi/9.3.1/thumb/v7e-m+fp/hard\libgcc.a(_udivmoddi4.o)
                              c:/users/hp2021/onedrive/documents/asi/asi work folder long tran/stm32cubeide_1.6.1/stm32cubeide/plugins/com.st.stm32cube.ide.mcu.externaltools.gnu-tools-for-stm32.9-2020-q2-update.win32_1.5.0.202011040924/tools/bin/../lib/gcc/arm-none-eabi/9.3.1/thumb/v7e-m+fp/hard\libgcc.a(_aeabi_uldivmod.o) (__udivmoddi4)
c:/users/hp2021/onedrive/documents/asi/asi work folder long tran/stm32cubeide_1.6.1/stm32cubeide/plugins/com.st.stm32cube.ide.mcu.externaltools.gnu-tools-for-stm32.9-2020-q2-update.win32_1.5.0.202011040924/tools/bin/../lib/gcc/arm-none-eabi/9.3.1/thumb/v7e-m+fp/hard\libgcc.a(_dvmd_tls.o)
                              c:/users/hp2021/onedrive/documents/asi/asi work folder long tran/stm32cubeide_1.6.1/stm32cubeide/plugins/com.st.stm32cube.ide.mcu.externaltools.gnu-tools-for-stm32.9-2020-q2-update.win32_1.5.0.202011040924/tools/bin/../lib/gcc/arm-none-eabi/9.3.1/thumb/v7e-m+fp/hard\libgcc.a(_aeabi_uldivmod.o) (__aeabi_ldiv0)

Allocating common symbols
Common symbol       size              file

huart3              0x84              Core/Src/main.o
[...]
Memory Configuration

Name             Origin             Length             Attributes
RAM              0x0000000020000000 0x0000000000018000 xrw
RAM2             0x0000000010000000 0x0000000000008000 xrw
FLASH            0x0000000008000000 0x0000000000100000 xr
*default*        0x0000000000000000 0xffffffffffffffff

Linker script and memory map

LOAD c:/users/hp2021/onedrive/documents/asi/asi work folder long tran/stm32cubeide_1.6.1/stm32cubeide/plugins/com.st.stm32cube.ide.mcu.externaltools.gnu-tools-for-stm32.9-2020-q2-update.win32_1.5.0.202011040924/tools/bin/../lib/gcc/arm-none-eabi/9.3.1/thumb/v7e-m+fp/hard/crti.o
LOAD c:/users/hp2021/onedrive/documents/asi/asi work folder long tran/stm32cubeide_1.6.1/stm32cubeide/plugins/com.st.stm32cube.ide.mcu.externaltools.gnu-tools-for-stm32.9-2020-q2-update.win32_1.5.0.202011040924/tools/bin/../lib/gcc/arm-none-eabi/9.3.1/thumb/v7e-m+fp/hard/crtbegin.o
LOAD c:/users/hp2021/onedrive/documents/asi/asi work folder long tran/stm32cubeide_1.6.1/stm32cubeide/plugins/com.st.stm32cube.ide.mcu.externaltools.gnu-tools-for-stm32.9-2020-q2-update.win32_1.5.0.202011040924/tools/bin/../lib/gcc/arm-none-eabi/9.3.1/../../../../arm-none-eabi/lib/thumb/v7e-m+fp/hard/crt0.o
LOAD Core/Src/main.o
LOAD Core/Src/stm32l4xx_hal_msp.o
LOAD Core/Src/stm32l4xx_it.o
LOAD Core/Src/syscalls.o
LOAD Core/Src/sysmem.o
LOAD Core/Src/system_stm32l4xx.o
LOAD Core/Src/uart.o
LOAD Core/Startup/startup_stm32l476rgtx.o
LOAD Drivers/STM32L4xx_HAL_Driver/Src/stm32l4xx_hal.o
LOAD Drivers/STM32L4xx_HAL_Driver/Src/stm32l4xx_hal_cortex.o
LOAD Drivers/STM32L4xx_HAL_Driver/Src/stm32l4xx_hal_dma.o
LOAD Drivers/STM32L4xx_HAL_Driver/Src/stm32l4xx_hal_dma_ex.o
LOAD Drivers/STM32L4xx_HAL_Driver/Src/stm32l4xx_hal_exti.o
LOAD Drivers/STM32L4xx_HAL_Driver/Src/stm32l4xx_hal_flash.o
LOAD Drivers/STM32L4xx_HAL_Driver/Src/stm32l4xx_hal_flash_ex.o
LOAD Drivers/STM32L4xx_HAL_Driver/Src/stm32l4xx_hal_flash_ramfunc.o
LOAD Drivers/STM32L4xx_HAL_Driver/Src/stm32l4xx_hal_gpio.o
LOAD Drivers/STM32L4xx_HAL_Driver/Src/stm32l4xx_hal_i2c.o
LOAD Drivers/STM32L4xx_HAL_Driver/Src/stm32l4xx_hal_i2c_ex.o
LOAD Drivers/STM32L4xx_HAL_Driver/Src/stm32l4xx_hal_pwr.o
LOAD Drivers/STM32L4xx_HAL_Driver/Src/stm32l4xx_hal_pwr_ex.o
LOAD Drivers/STM32L4xx_HAL_Driver/Src/stm32l4xx_hal_rcc.o
LOAD Drivers/STM32L4xx_HAL_Driver/Src/stm32l4xx_hal_rcc_ex.o
LOAD Drivers/STM32L4xx_HAL_Driver/Src/stm32l4xx_hal_tim.o
LOAD Drivers/STM32L4xx_HAL_Driver/Src/stm32l4xx_hal_tim_ex.o
LOAD Drivers/STM32L4xx_HAL_Driver/Src/stm32l4xx_hal_uart.o
LOAD Drivers/STM32L4xx_HAL_Driver/Src/stm32l4xx_hal_uart_ex.o
START GROUP
LOAD c:/users/hp2021/onedrive/documents/asi/asi work folder long tran/stm32cubeide_1.6.1/stm32cubeide/plugins/com.st.stm32cube.ide.mcu.externaltools.gnu-tools-for-stm32.9-2020-q2-update.win32_1.5.0.202011040924/tools/bin/../lib/gcc/arm-none-eabi/9.3.1/../../../../arm-none-eabi/lib/thumb/v7e-m+fp/hard\libc_nano.a
LOAD c:/users/hp2021/onedrive/documents/asi/asi work folder long tran/stm32cubeide_1.6.1/stm32cubeide/plugins/com.st.stm32cube.ide.mcu.externaltools.gnu-tools-for-stm32.9-2020-q2-update.win32_1.5.0.202011040924/tools/bin/../lib/gcc/arm-none-eabi/9.3.1/../../../../arm-none-eabi/lib/thumb/v7e-m+fp/hard\libm.a
END GROUP
START GROUP
LOAD c:/users/hp2021/onedrive/documents/asi/asi work folder long tran/stm32cubeide_1.6.1/stm32cubeide/plugins/com.st.stm32cube.ide.mcu.externaltools.gnu-tools-for-stm32.9-2020-q2-update.win32_1.5.0.202011040924/tools/bin/../lib/gcc/arm-none-eabi/9.3.1/thumb/v7e-m+fp/hard\libgcc.a
LOAD c:/users/hp2021/onedrive/documents/asi/asi work folder long tran/stm32cubeide_1.6.1/stm32cubeide/plugins/com.st.stm32cube.ide.mcu.externaltools.gnu-tools-for-stm32.9-2020-q2-update.win32_1.5.0.202011040924/tools/bin/../lib/gcc/arm-none-eabi/9.3.1/../../../../arm-none-eabi/lib/thumb/v7e-m+fp/hard\libc_nano.a
END GROUP
START GROUP
LOAD c:/users/hp2021/onedrive/documents/asi/asi work folder long tran/stm32cubeide_1.6.1/stm32cubeide/plugins/com.st.stm32cube.ide.mcu.externaltools.gnu-tools-for-stm32.9-2020-q2-update.win32_1.5.0.202011040924/tools/bin/../lib/gcc/arm-none-eabi/9.3.1/thumb/v7e-m+fp/hard\libgcc.a
LOAD c:/users/hp2021/onedrive/documents/asi/asi work folder long tran/stm32cubeide_1.6.1/stm32cubeide/plugins/com.st.stm32cube.ide.mcu.externaltools.gnu-tools-for-stm32.9-2020-q2-update.win32_1.5.0.202011040924/tools/bin/../lib/gcc/arm-none-eabi/9.3.1/../../../../arm-none-eabi/lib/thumb/v7e-m+fp/hard\libc_nano.a
LOAD c:/users/hp2021/onedrive/documents/asi/asi work folder long tran/stm32cubeide_1.6.1/stm32cubeide/plugins/com.st.stm32cube.ide.mcu.externaltools.gnu-tools-for-stm32.9-2020-q2-update.win32_1.5.0.202011040924/tools/bin/../lib/gcc/arm-none-eabi/9.3.1/../../../../arm-none-eabi/lib/thumb/v7e-m+fp/hard\libnosys.a
END GROUP
START GROUP
LOAD c:/users/hp2021/onedrive/documents/asi/asi work folder long tran/stm32cubeide_1.6.1/stm32cubeide/plugins/com.st.stm32cube.ide.mcu.externaltools.gnu-tools-for-stm32.9-2020-q2-update.win32_1.5.0.202011040924/tools/bin/../lib/gcc/arm-none-eabi/9.3.1/thumb/v7e-m+fp/hard\libgcc.a
LOAD c:/users/hp2021/onedrive/documents/asi/asi work folder long tran/stm32cubeide_1.6.1/stm32cubeide/plugins/com.st.stm32cube.ide.mcu.externaltools.gnu-tools-for-stm32.9-2020-q2-update.win32_1.5.0.202011040924/tools/bin/../lib/gcc/arm-none-eabi/9.3.1/../../../../arm-none-eabi/lib/thumb/v7e-m+fp/hard\libc_nano.a
LOAD c:/users/hp2021/onedrive/documents/asi/asi work folder long tran/stm32cubeide_1.6.1/stm32cubeide/plugins/com.st.stm32cube.ide.mcu.externaltools.gnu-tools-for-stm32.9-2020-q2-update.win32_1.5.0.202011040924/tools/bin/../lib/gcc/arm-none-eabi/9.3.1/../../../../arm-none-eabi/lib/thumb/v7e-m+fp/hard\libnosys.a
END GROUP
LOAD c:/users/hp2021/onedrive/documents/asi/asi work folder long tran/stm32cubeide_1.6.1/stm32cubeide/plugins/com.st.stm32cube.ide.mcu.externaltools.gnu-tools-for-stm32.9-2020-q2-update.win32_1.5.0.202011040924/tools/bin/../lib/gcc/arm-none-eabi/9.3.1/thumb/v7e-m+fp/hard/crtend.o
LOAD c:/users/hp2021/onedrive/documents/asi/asi work folder long tran/stm32cubeide_1.6.1/stm32cubeide/plugins/com.st.stm32cube.ide.mcu.externaltools.gnu-tools-for-stm32.9-2020-q2-update.win32_1.5.0.202011040924/tools/bin/../lib/gcc/arm-none-eabi/9.3.1/thumb/v7e-m+fp/hard/crtn.o
                0x0000000020018000                _estack = (ORIGIN (RAM) + LENGTH (RAM))
                0x0000000000000200                _Min_Heap_Size = 0x200
                0x0000000000000400                _Min_Stack_Size = 0x400

.isr_vector     0x0000000008000000      0x188
                0x0000000008000000                . = ALIGN (0x4)
 *(.isr_vector)
 .isr_vector    0x0000000008000000      0x188 Core/Startup/startup_stm32l476rgtx.o
                0x0000000008000000                g_pfnVectors
                0x0000000008000188                . = ALIGN (0x4)

.text           0x0000000008000188     0x30b4
                0x0000000008000188                . = ALIGN (0x4)
 *(.text)
 .text          0x0000000008000188       0x40 c:/users/hp2021/onedrive/documents/asi/asi work folder long tran/stm32cubeide_1.6.1/stm32cubeide/plugins/com.st.stm32cube.ide.mcu.externaltools.gnu-tools-for-stm32.9-2020-q2-update.win32_1.5.0.202011040924/tools/bin/../lib/gcc/arm-none-eabi/9.3.1/thumb/v7e-m+fp/hard/crtbegin.o
 .text          0x00000000080001c8       0x30 c:/users/hp2021/onedrive/documents/asi/asi work folder long tran/stm32cubeide_1.6.1/stm32cubeide/plugins/com.st.stm32cube.ide.mcu.externaltools.gnu-tools-for-stm32.9-2020-q2-update.win32_1.5.0.202011040924/tools/bin/../lib/gcc/arm-none-eabi/9.3.1/thumb/v7e-m+fp/hard\libgcc.a(_aeabi_uldivmod.o)
                0x00000000080001c8                __aeabi_uldivmod
 .text          0x00000000080001f8      0x2c4 c:/users/hp2021/onedrive/documents/asi/asi work folder long tran/stm32cubeide_1.6.1/stm32cubeide/plugins/com.st.stm32cube.ide.mcu.externaltools.gnu-tools-for-stm32.9-2020-q2-update.win32_1.5.0.202011040924/tools/bin/../lib/gcc/arm-none-eabi/9.3.1/thumb/v7e-m+fp/hard\libgcc.a(_udivmoddi4.o)
                0x00000000080001f8                __udivmoddi4
 .text          0x00000000080004bc        0x4 c:/users/hp2021/onedrive/documents/asi/asi work folder long tran/stm32cubeide_1.6.1/stm32cubeide/plugins/com.st.stm32cube.ide.mcu.externaltools.gnu-tools-for-stm32.9-2020-q2-update.win32_1.5.0.202011040924/tools/bin/../lib/gcc/arm-none-eabi/9.3.1/thumb/v7e-m+fp/hard\libgcc.a(_dvmd_tls.o)
                0x00000000080004bc                __aeabi_idiv0
                0x00000000080004bc                __aeabi_ldiv0
 *(.text*)
 .text.main     0x00000000080004c0       0xd8 Core/Src/main.o
                0x00000000080004c0                main
 .text.SystemClock_Config
                0x0000000008000598       0xee Core/Src/main.o
                0x0000000008000598                SystemClock_Config
 *fill*         0x0000000008000686        0x2 
 .text.MX_USART2_UART_Init
                0x0000000008000688       0x60 Core/Src/main.o
 .text.MX_USART3_UART_Init
                0x00000000080006e8       0x6c Core/Src/main.o
 .text.MX_GPIO_Init
                0x0000000008000754       0xd0 Core/Src/main.o
 .text.Error_Handler
                0x0000000008000824        0xa Core/Src/main.o
                0x0000000008000824                Error_Handler
 *fill*         0x000000000800082e        0x2 
 .text.HAL_MspInit
                0x0000000008000830       0x48 Core/Src/stm32l4xx_hal_msp.o
                0x0000000008000830                HAL_MspInit
 .text.HAL_UART_MspInit
                0x0000000008000878      0x108 Core/Src/stm32l4xx_hal_msp.o
                0x0000000008000878                HAL_UART_MspInit
 .text.NMI_Handler
                0x0000000008000980        0x6 Core/Src/stm32l4xx_it.o
                0x0000000008000980                NMI_Handler
 .text.HardFault_Handler
                0x0000000008000986        0x6 Core/Src/stm32l4xx_it.o
                0x0000000008000986                HardFault_Handler
 .text.MemManage_Handler
                0x000000000800098c        0x6 Core/Src/stm32l4xx_it.o
                0x000000000800098c                MemManage_Handler
 .text.BusFault_Handler
                0x0000000008000992        0x6 Core/Src/stm32l4xx_it.o
                0x0000000008000992                BusFault_Handler
 .text.UsageFault_Handler
                0x0000000008000998        0x6 Core/Src/stm32l4xx_it.o
                0x0000000008000998                UsageFault_Handler
 .text.SVC_Handler
                0x000000000800099e        0xe Core/Src/stm32l4xx_it.o
                0x000000000800099e                SVC_Handler
 .text.DebugMon_Handler
                0x00000000080009ac        0xe Core/Src/stm32l4xx_it.o
                0x00000000080009ac                DebugMon_Handler
 .text.PendSV_Handler
                0x00000000080009ba        0xe Core/Src/stm32l4xx_it.o
                0x00000000080009ba                PendSV_Handler
 .text.SysTick_Handler
                0x00000000080009c8        0xc Core/Src/stm32l4xx_it.o
                0x00000000080009c8                SysTick_Handler
 .text.SystemInit
                0x00000000080009d4       0x64 Core/Src/system_stm32l4xx.o
                0x00000000080009d4                SystemInit
 .text.AT_command_IT
                0x0000000008000a38       0x78 Core/Src/uart.o
                0x0000000008000a38                AT_command_IT
 .text.RX_clear
                0x0000000008000ab0       0x40 Core/Src/uart.o
                0x0000000008000ab0                RX_clear
 .text.RX_parse
                0x0000000008000af0       0x60 Core/Src/uart.o
                0x0000000008000af0                RX_parse
 .text.USART3_IRQHandler
                0x0000000008000b50       0xa8 Core/Src/uart.o
                0x0000000008000b50                USART3_IRQHandler
 .text.Reset_Handler
                0x0000000008000bf8       0x50 Core/Startup/startup_stm32l476rgtx.o
                0x0000000008000bf8                Reset_Handler
 .text.Default_Handler
                0x0000000008000c48        0x2 Core/Startup/startup_stm32l476rgtx.o
                0x0000000008000c48                RTC_Alarm_IRQHandler
                0x0000000008000c48                EXTI2_IRQHandler
                0x0000000008000c48                TIM8_TRG_COM_IRQHandler
                0x0000000008000c48                TIM8_CC_IRQHandler
                0x0000000008000c48                TIM1_CC_IRQHandler
                0x0000000008000c48                TSC_IRQHandler
                0x0000000008000c48                TAMP_STAMP_IRQHandler
                0x0000000008000c48                EXTI3_IRQHandler
                0x0000000008000c48                LPTIM2_IRQHandler
                0x0000000008000c48                DFSDM1_FLT1_IRQHandler
                0x0000000008000c48                I2C3_ER_IRQHandler
                0x0000000008000c48                DFSDM1_FLT2_IRQHandler
                0x0000000008000c48                EXTI0_IRQHandler
                0x0000000008000c48                I2C2_EV_IRQHandler
                0x0000000008000c48                CAN1_RX0_IRQHandler
                0x0000000008000c48                FPU_IRQHandler
                0x0000000008000c48                TIM1_UP_TIM16_IRQHandler
                0x0000000008000c48                ADC1_2_IRQHandler
                0x0000000008000c48                SPI1_IRQHandler
                0x0000000008000c48                TIM6_DAC_IRQHandler
                0x0000000008000c48                TIM8_UP_IRQHandler
                0x0000000008000c48                DMA2_Channel2_IRQHandler
                0x0000000008000c48                DMA1_Channel4_IRQHandler
                0x0000000008000c48                SAI2_IRQHandler
                0x0000000008000c48                DFSDM1_FLT3_IRQHandler
                0x0000000008000c48                DMA1_Channel7_IRQHandler
                0x0000000008000c48                CAN1_RX1_IRQHandler
                0x0000000008000c48                LCD_IRQHandler
                0x0000000008000c48                UART5_IRQHandler
                0x0000000008000c48                ADC3_IRQHandler
                0x0000000008000c48                TIM4_IRQHandler
                0x0000000008000c48                DMA2_Channel1_IRQHandler
                0x0000000008000c48                QUADSPI_IRQHandler
                0x0000000008000c48                I2C1_EV_IRQHandler
                0x0000000008000c48                DMA1_Channel6_IRQHandler
                0x0000000008000c48                UART4_IRQHandler
                0x0000000008000c48                DMA2_Channel4_IRQHandler
                0x0000000008000c48                TIM3_IRQHandler
                0x0000000008000c48                RCC_IRQHandler
                0x0000000008000c48                DMA1_Channel1_IRQHandler
                0x0000000008000c48                Default_Handler
                0x0000000008000c48                DMA2_Channel7_IRQHandler
                0x0000000008000c48                EXTI15_10_IRQHandler
                0x0000000008000c48                TIM7_IRQHandler
                0x0000000008000c48                SDMMC1_IRQHandler
                0x0000000008000c48                TIM5_IRQHandler
                0x0000000008000c48                I2C3_EV_IRQHandler
                0x0000000008000c48                EXTI9_5_IRQHandler
                0x0000000008000c48                RTC_WKUP_IRQHandler
                0x0000000008000c48                PVD_PVM_IRQHandler
                0x0000000008000c48                SPI2_IRQHandler
                0x0000000008000c48                CAN1_TX_IRQHandler
                0x0000000008000c48                DMA2_Channel5_IRQHandler
                0x0000000008000c48                DMA1_Channel5_IRQHandler
                0x0000000008000c48                EXTI4_IRQHandler
                0x0000000008000c48                RNG_IRQHandler
                0x0000000008000c48                TIM1_TRG_COM_TIM17_IRQHandler
                0x0000000008000c48                DMA1_Channel3_IRQHandler
                0x0000000008000c48                COMP_IRQHandler
                0x0000000008000c48                WWDG_IRQHandler
                0x0000000008000c48                LPUART1_IRQHandler
                0x0000000008000c48                DMA2_Channel6_IRQHandler
                0x0000000008000c48                TIM2_IRQHandler
                0x0000000008000c48                EXTI1_IRQHandler
                0x0000000008000c48                USART2_IRQHandler
                0x0000000008000c48                DFSDM1_FLT0_IRQHandler
                0x0000000008000c48                I2C2_ER_IRQHandler
                0x0000000008000c48                DMA1_Channel2_IRQHandler
                0x0000000008000c48                TIM8_BRK_IRQHandler
                0x0000000008000c48                CAN1_SCE_IRQHandler
                0x0000000008000c48                FLASH_IRQHandler
                0x0000000008000c48                USART1_IRQHandler
                0x0000000008000c48                OTG_FS_IRQHandler
                0x0000000008000c48                SPI3_IRQHandler
                0x0000000008000c48                I2C1_ER_IRQHandler
                0x0000000008000c48                FMC_IRQHandler
                0x0000000008000c48                SWPMI1_IRQHandler
                0x0000000008000c48                LPTIM1_IRQHandler
                0x0000000008000c48                SAI1_IRQHandler
                0x0000000008000c48                DMA2_Channel3_IRQHandler
                0x0000000008000c48                TIM1_BRK_TIM15_IRQHandler
 *fill*         0x0000000008000c4a        0x2 
 .text.HAL_Init
                0x0000000008000c4c       0x40 Drivers/STM32L4xx_HAL_Driver/Src/stm32l4xx_hal.o
                0x0000000008000c4c                HAL_Init
 .text.HAL_InitTick
                0x0000000008000c8c       0x78 Drivers/STM32L4xx_HAL_Driver/Src/stm32l4xx_hal.o
                0x0000000008000c8c                HAL_InitTick
 .text.HAL_IncTick
                0x0000000008000d04       0x28 Drivers/STM32L4xx_HAL_Driver/Src/stm32l4xx_hal.o
                0x0000000008000d04                HAL_IncTick
 .text.HAL_GetTick
                0x0000000008000d2c       0x18 Drivers/STM32L4xx_HAL_Driver/Src/stm32l4xx_hal.o
                0x0000000008000d2c                HAL_GetTick
 .text.HAL_Delay
                0x0000000008000d44       0x48 Drivers/STM32L4xx_HAL_Driver/Src/stm32l4xx_hal.o
                0x0000000008000d44                HAL_Delay
 .text.__NVIC_SetPriorityGrouping
                0x0000000008000d8c       0x48 Drivers/STM32L4xx_HAL_Driver/Src/stm32l4xx_hal_cortex.o
 .text.__NVIC_GetPriorityGrouping
                0x0000000008000dd4       0x1c Drivers/STM32L4xx_HAL_Driver/Src/stm32l4xx_hal_cortex.o
 .text.__NVIC_EnableIRQ
                0x0000000008000df0       0x3c Drivers/STM32L4xx_HAL_Driver/Src/stm32l4xx_hal_cortex.o
 .text.__NVIC_SetPriority
                0x0000000008000e2c       0x54 Drivers/STM32L4xx_HAL_Driver/Src/stm32l4xx_hal_cortex.o
 .text.NVIC_EncodePriority
                0x0000000008000e80       0x66 Drivers/STM32L4xx_HAL_Driver/Src/stm32l4xx_hal_cortex.o
 *fill*         0x0000000008000ee6        0x2 
 .text.SysTick_Config
                0x0000000008000ee8       0x44 Drivers/STM32L4xx_HAL_Driver/Src/stm32l4xx_hal_cortex.o
 .text.HAL_NVIC_SetPriorityGrouping
                0x0000000008000f2c       0x16 Drivers/STM32L4xx_HAL_Driver/Src/stm32l4xx_hal_cortex.o
                0x0000000008000f2c                HAL_NVIC_SetPriorityGrouping
 .text.HAL_NVIC_SetPriority
                0x0000000008000f42       0x38 Drivers/STM32L4xx_HAL_Driver/Src/stm32l4xx_hal_cortex.o
                0x0000000008000f42                HAL_NVIC_SetPriority
 .text.HAL_NVIC_EnableIRQ
                0x0000000008000f7a       0x1c Drivers/STM32L4xx_HAL_Driver/Src/stm32l4xx_hal_cortex.o
                0x0000000008000f7a                HAL_NVIC_EnableIRQ
 .text.HAL_SYSTICK_Config
                0x0000000008000f96       0x18 Drivers/STM32L4xx_HAL_Driver/Src/stm32l4xx_hal_cortex.o
                0x0000000008000f96                HAL_SYSTICK_Config
 *fill*         0x0000000008000fae        0x2 
 .text.HAL_GPIO_Init
                0x0000000008000fb0      0x354 Drivers/STM32L4xx_HAL_Driver/Src/stm32l4xx_hal_gpio.o
                0x0000000008000fb0                HAL_GPIO_Init
 .text.HAL_GPIO_WritePin
                0x0000000008001304       0x30 Drivers/STM32L4xx_HAL_Driver/Src/stm32l4xx_hal_gpio.o
                0x0000000008001304                HAL_GPIO_WritePin
 .text.HAL_PWREx_GetVoltageRange
                0x0000000008001334       0x1c Drivers/STM32L4xx_HAL_Driver/Src/stm32l4xx_hal_pwr_ex.o
                0x0000000008001334                HAL_PWREx_GetVoltageRange
 .text.HAL_PWREx_ControlVoltageScaling
                0x0000000008001350       0xac Drivers/STM32L4xx_HAL_Driver/Src/stm32l4xx_hal_pwr_ex.o
                0x0000000008001350                HAL_PWREx_ControlVoltageScaling
 .text.HAL_RCC_OscConfig
                0x00000000080013fc      0x7cc Drivers/STM32L4xx_HAL_Driver/Src/stm32l4xx_hal_rcc.o
                0x00000000080013fc                HAL_RCC_OscConfig
 .text.HAL_RCC_ClockConfig
                0x0000000008001bc8      0x1c4 Drivers/STM32L4xx_HAL_Driver/Src/stm32l4xx_hal_rcc.o
                0x0000000008001bc8                HAL_RCC_ClockConfig
 .text.HAL_RCC_GetSysClockFreq
                0x0000000008001d8c      0x118 Drivers/STM32L4xx_HAL_Driver/Src/stm32l4xx_hal_rcc.o
                0x0000000008001d8c                HAL_RCC_GetSysClockFreq
 .text.HAL_RCC_GetHCLKFreq
                0x0000000008001ea4       0x18 Drivers/STM32L4xx_HAL_Driver/Src/stm32l4xx_hal_rcc.o
                0x0000000008001ea4                HAL_RCC_GetHCLKFreq
 .text.HAL_RCC_GetPCLK1Freq
                0x0000000008001ebc       0x2c Drivers/STM32L4xx_HAL_Driver/Src/stm32l4xx_hal_rcc.o
                0x0000000008001ebc                HAL_RCC_GetPCLK1Freq
 .text.HAL_RCC_GetPCLK2Freq
                0x0000000008001ee8       0x2c Drivers/STM32L4xx_HAL_Driver/Src/stm32l4xx_hal_rcc.o
                0x0000000008001ee8                HAL_RCC_GetPCLK2Freq
 .text.RCC_SetFlashLatencyFromMSIRange
                0x0000000008001f14       0xc0 Drivers/STM32L4xx_HAL_Driver/Src/stm32l4xx_hal_rcc.o
 .text.HAL_RCCEx_PeriphCLKConfig
                0x0000000008001fd4      0x5d4 Drivers/STM32L4xx_HAL_Driver/Src/stm32l4xx_hal_rcc_ex.o
                0x0000000008001fd4                HAL_RCCEx_PeriphCLKConfig
 .text.RCCEx_PLLSAI1_Config
                0x00000000080025a8      0x1e8 Drivers/STM32L4xx_HAL_Driver/Src/stm32l4xx_hal_rcc_ex.o
 .text.RCCEx_PLLSAI2_Config
                0x0000000008002790      0x1bc Drivers/STM32L4xx_HAL_Driver/Src/stm32l4xx_hal_rcc_ex.o
 .text.HAL_UART_Init
                0x000000000800294c       0x9c Drivers/STM32L4xx_HAL_Driver/Src/stm32l4xx_hal_uart.o
                0x000000000800294c                HAL_UART_Init
 .text.UART_SetConfig
                0x00000000080029e8      0x514 Drivers/STM32L4xx_HAL_Driver/Src/stm32l4xx_hal_uart.o
                0x00000000080029e8                UART_SetConfig
 .text.UART_AdvFeatureConfig
                0x0000000008002efc      0x144 Drivers/STM32L4xx_HAL_Driver/Src/stm32l4xx_hal_uart.o
                0x0000000008002efc                UART_AdvFeatureConfig
 .text.UART_CheckIdleState
                0x0000000008003040       0x92 Drivers/STM32L4xx_HAL_Driver/Src/stm32l4xx_hal_uart.o
                0x0000000008003040                UART_CheckIdleState
 .text.UART_WaitOnFlagUntilTimeout
                0x00000000080030d2       0xf8 Drivers/STM32L4xx_HAL_Driver/Src/stm32l4xx_hal_uart.o
                0x00000000080030d2                UART_WaitOnFlagUntilTimeout
 *fill*         0x00000000080031ca        0x2 
 .text.__libc_init_array
                0x00000000080031cc       0x48 c:/users/hp2021/onedrive/documents/asi/asi work folder long tran/stm32cubeide_1.6.1/stm32cubeide/plugins/com.st.stm32cube.ide.mcu.externaltools.gnu-tools-for-stm32.9-2020-q2-update.win32_1.5.0.202011040924/tools/bin/../lib/gcc/arm-none-eabi/9.3.1/../../../../arm-none-eabi/lib/thumb/v7e-m+fp/hard\libc_nano.a(lib_a-init.o)
                0x00000000080031cc                __libc_init_array
 .text.memset   0x0000000008003214       0x10 c:/users/hp2021/onedrive/documents/asi/asi work folder long tran/stm32cubeide_1.6.1/stm32cubeide/plugins/com.st.stm32cube.ide.mcu.externaltools.gnu-tools-for-stm32.9-2020-q2-update.win32_1.5.0.202011040924/tools/bin/../lib/gcc/arm-none-eabi/9.3.1/../../../../arm-none-eabi/lib/thumb/v7e-m+fp/hard\libc_nano.a(lib_a-memset.o)
                0x0000000008003214                memset
 *(.glue_7)
 .glue_7        0x0000000008003224        0x0 linker stubs
 *(.glue_7t)
 .glue_7t       0x0000000008003224        0x0 linker stubs
 *(.eh_frame)
 .eh_frame      0x0000000008003224        0x0 c:/users/hp2021/onedrive/documents/asi/asi work folder long tran/stm32cubeide_1.6.1/stm32cubeide/plugins/com.st.stm32cube.ide.mcu.externaltools.gnu-tools-for-stm32.9-2020-q2-update.win32_1.5.0.202011040924/tools/bin/../lib/gcc/arm-none-eabi/9.3.1/thumb/v7e-m+fp/hard/crtbegin.o
 *(.init)
 .init          0x0000000008003224        0x4 c:/users/hp2021/onedrive/documents/asi/asi work folder long tran/stm32cubeide_1.6.1/stm32cubeide/plugins/com.st.stm32cube.ide.mcu.externaltools.gnu-tools-for-stm32.9-2020-q2-update.win32_1.5.0.202011040924/tools/bin/../lib/gcc/arm-none-eabi/9.3.1/thumb/v7e-m+fp/hard/crti.o
                0x0000000008003224                _init
 .init          0x0000000008003228        0x8 c:/users/hp2021/onedrive/documents/asi/asi work folder long tran/stm32cubeide_1.6.1/stm32cubeide/plugins/com.st.stm32cube.ide.mcu.externaltools.gnu-tools-for-stm32.9-2020-q2-update.win32_1.5.0.202011040924/tools/bin/../lib/gcc/arm-none-eabi/9.3.1/thumb/v7e-m+fp/hard/crtn.o
 *(.fini)
 .fini          0x0000000008003230        0x4 c:/users/hp2021/onedrive/documents/asi/asi work folder long tran/stm32cubeide_1.6.1/stm32cubeide/plugins/com.st.stm32cube.ide.mcu.externaltools.gnu-tools-for-stm32.9-2020-q2-update.win32_1.5.0.202011040924/tools/bin/../lib/gcc/arm-none-eabi/9.3.1/thumb/v7e-m+fp/hard/crti.o
                0x0000000008003230                _fini
 .fini          0x0000000008003234        0x8 c:/users/hp2021/onedrive/documents/asi/asi work folder long tran/stm32cubeide_1.6.1/stm32cubeide/plugins/com.st.stm32cube.ide.mcu.externaltools.gnu-tools-for-stm32.9-2020-q2-update.win32_1.5.0.202011040924/tools/bin/../lib/gcc/arm-none-eabi/9.3.1/thumb/v7e-m+fp/hard/crtn.o
                0x000000000800323c                . = ALIGN (0x4)
                0x000000000800323c                _etext = .

.vfp11_veneer   0x000000000800323c        0x0
 .vfp11_veneer  0x000000000800323c        0x0 linker stubs

.v4_bx          0x000000000800323c        0x0
 .v4_bx         0x000000000800323c        0x0 linker stubs

.iplt           0x000000000800323c        0x0
 .iplt          0x000000000800323c        0x0 c:/users/hp2021/onedrive/documents/asi/asi work folder long tran/stm32cubeide_1.6.1/stm32cubeide/plugins/com.st.stm32cube.ide.mcu.externaltools.gnu-tools-for-stm32.9-2020-q2-update.win32_1.5.0.202011040924/tools/bin/../lib/gcc/arm-none-eabi/9.3.1/thumb/v7e-m+fp/hard/crtbegin.o

.rodata         0x000000000800323c       0x48
                0x000000000800323c                . = ALIGN (0x4)
 *(.rodata)
 *(.rodata*)
 .rodata.AHBPrescTable
                0x000000000800323c       0x10 Core/Src/system_stm32l4xx.o
                0x000000000800323c                AHBPrescTable
 .rodata.APBPrescTable
                0x000000000800324c        0x8 Core/Src/system_stm32l4xx.o
                0x000000000800324c                APBPrescTable
 .rodata.MSIRangeTable
                0x0000000008003254       0x30 Core/Src/system_stm32l4xx.o
                0x0000000008003254                MSIRangeTable
                0x0000000008003284                . = ALIGN (0x4)

.ARM.extab      0x0000000008003284        0x0
                0x0000000008003284                . = ALIGN (0x4)
 *(.ARM.extab* .gnu.linkonce.armextab.*)
                0x0000000008003284                . = ALIGN (0x4)

.ARM            0x0000000008003284        0x8
                0x0000000008003284                . = ALIGN (0x4)
                0x0000000008003284                __exidx_start = .
 *(.ARM.exidx*)
 .ARM.exidx     0x0000000008003284        0x8 c:/users/hp2021/onedrive/documents/asi/asi work folder long tran/stm32cubeide_1.6.1/stm32cubeide/plugins/com.st.stm32cube.ide.mcu.externaltools.gnu-tools-for-stm32.9-2020-q2-update.win32_1.5.0.202011040924/tools/bin/../lib/gcc/arm-none-eabi/9.3.1/thumb/v7e-m+fp/hard\libgcc.a(_udivmoddi4.o)
                0x000000000800328c                __exidx_end = .
                0x000000000800328c                . = ALIGN (0x4)

.rel.dyn        0x000000000800328c        0x0
 .rel.iplt      0x000000000800328c        0x0 c:/users/hp2021/onedrive/documents/asi/asi work folder long tran/stm32cubeide_1.6.1/stm32cubeide/plugins/com.st.stm32cube.ide.mcu.externaltools.gnu-tools-for-stm32.9-2020-q2-update.win32_1.5.0.202011040924/tools/bin/../lib/gcc/arm-none-eabi/9.3.1/thumb/v7e-m+fp/hard/crtbegin.o

.preinit_array  0x000000000800328c        0x0
                0x000000000800328c                . = ALIGN (0x4)
                0x000000000800328c                PROVIDE (__preinit_array_start = .)
 *(.preinit_array*)
                0x000000000800328c                PROVIDE (__preinit_array_end = .)
                0x000000000800328c                . = ALIGN (0x4)

.init_array     0x000000000800328c        0x4
                0x000000000800328c                . = ALIGN (0x4)
                0x000000000800328c                PROVIDE (__init_array_start = .)
 *(SORT_BY_NAME(.init_array.*))
 *(.init_array*)
 .init_array    0x000000000800328c        0x4 c:/users/hp2021/onedrive/documents/asi/asi work folder long tran/stm32cubeide_1.6.1/stm32cubeide/plugins/com.st.stm32cube.ide.mcu.externaltools.gnu-tools-for-stm32.9-2020-q2-update.win32_1.5.0.202011040924/tools/bin/../lib/gcc/arm-none-eabi/9.3.1/thumb/v7e-m+fp/hard/crtbegin.o
                0x0000000008003290                PROVIDE (__init_array_end = .)
                0x0000000008003290                . = ALIGN (0x4)

.fini_array     0x0000000008003290        0x4
                0x0000000008003290                . = ALIGN (0x4)
                [!provide]                        PROVIDE (__fini_array_start = .)
 *(SORT_BY_NAME(.fini_array.*))
 *(.fini_array*)
 .fini_array    0x0000000008003290        0x4 c:/users/hp2021/onedrive/documents/asi/asi work folder long tran/stm32cubeide_1.6.1/stm32cubeide/plugins/com.st.stm32cube.ide.mcu.externaltools.gnu-tools-for-stm32.9-2020-q2-update.win32_1.5.0.202011040924/tools/bin/../lib/gcc/arm-none-eabi/9.3.1/thumb/v7e-m+fp/hard/crtbegin.o
                [!provide]                        PROVIDE (__fini_array_end = .)
                0x0000000008003294                . = ALIGN (0x4)
                0x0000000008003294                _sidata = LOADADDR (.data)

.data           0x0000000020000000       0x54 load address 0x0000000008003294
                0x0000000020000000                . = ALIGN (0x4)
                0x0000000020000000                _sdata = .
 *(.data)
 *(.data*)
 .data.baud     0x0000000020000000        0x7 Core/Src/main.o
                0x0000000020000000                baud
 *fill*         0x0000000020000007        0x1 
 .data.reset    0x0000000020000008        0x4 Core/Src/main.o
                0x0000000020000008                reset
 .data.imageres
                0x000000002000000c        0x5 Core/Src/main.o
                0x000000002000000c                imageres
 *fill*         0x0000000020000011        0x3 
 .data.compress
                0x0000000020000014        0x9 Core/Src/main.o
                0x0000000020000014                compress
 *fill*         0x000000002000001d        0x3 
 .data.imageget
                0x0000000020000020        0x5 Core/Src/main.o
                0x0000000020000020                imageget
 *fill*         0x0000000020000025        0x3 
 .data.imagelen
                0x0000000020000028        0x5 Core/Src/main.o
                0x0000000020000028                imagelen
 *fill*         0x000000002000002d        0x3 
 .data.imagedata
                0x0000000020000030       0x10 Core/Src/main.o
                0x0000000020000030                imagedata
 .data.needle   0x0000000020000040        0x7 Core/Src/main.o
                0x0000000020000040                needle
 *fill*         0x0000000020000047        0x1 
 .data.SystemCoreClock
                0x0000000020000048        0x4 Core/Src/system_stm32l4xx.o
                0x0000000020000048                SystemCoreClock
 .data.uwTickPrio
                0x000000002000004c        0x4 Drivers/STM32L4xx_HAL_Driver/Src/stm32l4xx_hal.o
                0x000000002000004c                uwTickPrio
 .data.uwTickFreq
                0x0000000020000050        0x1 Drivers/STM32L4xx_HAL_Driver/Src/stm32l4xx_hal.o
                0x0000000020000050                uwTickFreq
 *(.RamFunc)
 *(.RamFunc*)
                0x0000000020000054                . = ALIGN (0x4)
 *fill*         0x0000000020000051        0x3 
                0x0000000020000054                _edata = .

.igot.plt       0x0000000020000054        0x0 load address 0x00000000080032e8
 .igot.plt      0x0000000020000054        0x0 c:/users/hp2021/onedrive/documents/asi/asi work folder long tran/stm32cubeide_1.6.1/stm32cubeide/plugins/com.st.stm32cube.ide.mcu.externaltools.gnu-tools-for-stm32.9-2020-q2-update.win32_1.5.0.202011040924/tools/bin/../lib/gcc/arm-none-eabi/9.3.1/thumb/v7e-m+fp/hard/crtbegin.o
                0x0000000020000054                . = ALIGN (0x4)

.bss            0x0000000020000054      0xcec load address 0x00000000080032e8
                0x0000000020000054                _sbss = .
                0x0000000020000054                __bss_start__ = _sbss
 *(.bss)
 .bss           0x0000000020000054       0x1c c:/users/hp2021/onedrive/documents/asi/asi work folder long tran/stm32cubeide_1.6.1/stm32cubeide/plugins/com.st.stm32cube.ide.mcu.externaltools.gnu-tools-for-stm32.9-2020-q2-update.win32_1.5.0.202011040924/tools/bin/../lib/gcc/arm-none-eabi/9.3.1/thumb/v7e-m+fp/hard/crtbegin.o
 *(.bss*)
 *(COMMON)
 COMMON         0x0000000020000070      0x108 Core/Src/main.o
                0x0000000020000070                huart3
                0x00000000200000f4                huart2
 COMMON         0x0000000020000178      0xbc2 Core/Src/uart.o
                0x0000000020000178                RX_Buffer
                0x0000000020000d30                AT_Tx
                0x0000000020000d38                RX_idx
 *fill*         0x0000000020000d3a        0x2 
 COMMON         0x0000000020000d3c        0x4 Drivers/STM32L4xx_HAL_Driver/Src/stm32l4xx_hal.o
                0x0000000020000d3c                uwTick
                0x0000000020000d40                . = ALIGN (0x4)
                0x0000000020000d40                _ebss = .
                0x0000000020000d40                __bss_end__ = _ebss

._user_heap_stack
                0x0000000020000d40      0x600 load address 0x00000000080032e8
                0x0000000020000d40                . = ALIGN (0x8)
                [!provide]                        PROVIDE (end = .)
                0x0000000020000d40                PROVIDE (_end = .)
                0x0000000020000f40                . = (. + _Min_Heap_Size)
 *fill*         0x0000000020000d40      0x200 
                0x0000000020001340                . = (. + _Min_Stack_Size)
 *fill*         0x0000000020000f40      0x400 
                0x0000000020001340                . = ALIGN (0x8)

/DISCARD/
 libc.a(*)
 libm.a(*)
 libgcc.a(*)

.ARM.attributes
                0x0000000000000000       0x30
 *(.ARM.attributes)
 .ARM.attributes
                0x0000000000000000       0x1e c:/users/hp2021/onedrive/documents/asi/asi work folder long tran/stm32cubeide_1.6.1/stm32cubeide/plugins/com.st.stm32cube.ide.mcu.externaltools.gnu-tools-for-stm32.9-2020-q2-update.win32_1.5.0.202011040924/tools/bin/../lib/gcc/arm-none-eabi/9.3.1/thumb/v7e-m+fp/hard/crti.o
 .ARM.attributes
                0x000000000000001e       0x34 c:/users/hp2021/onedrive/documents/asi/asi work folder long tran/stm32cubeide_1.6.1/stm32cubeide/plugins/com.st.stm32cube.ide.mcu.externaltools.gnu-tools-for-stm32.9-2020-q2-update.win32_1.5.0.202011040924/tools/bin/../lib/gcc/arm-none-eabi/9.3.1/thumb/v7e-m+fp/hard/crtbegin.o
 .ARM.attributes
                0x0000000000000052       0x34 Core/Src/main.o
 .ARM.attributes
                0x0000000000000086       0x34 Core/Src/stm32l4xx_hal_msp.o
 .ARM.attributes
                0x00000000000000ba       0x34 Core/Src/stm32l4xx_it.o
 .ARM.attributes
                0x00000000000000ee       0x34 Core/Src/system_stm32l4xx.o
 .ARM.attributes
                0x0000000000000122       0x34 Core/Src/uart.o
 .ARM.attributes
                0x0000000000000156       0x21 Core/Startup/startup_stm32l476rgtx.o
 .ARM.attributes
                0x0000000000000177       0x34 Drivers/STM32L4xx_HAL_Driver/Src/stm32l4xx_hal.o
 .ARM.attributes
                0x00000000000001ab       0x34 Drivers/STM32L4xx_HAL_Driver/Src/stm32l4xx_hal_cortex.o
 .ARM.attributes
                0x00000000000001df       0x34 Drivers/STM32L4xx_HAL_Driver/Src/stm32l4xx_hal_gpio.o
 .ARM.attributes
                0x0000000000000213       0x34 Drivers/STM32L4xx_HAL_Driver/Src/stm32l4xx_hal_pwr_ex.o
 .ARM.attributes
                0x0000000000000247       0x34 Drivers/STM32L4xx_HAL_Driver/Src/stm32l4xx_hal_rcc.o
 .ARM.attributes
                0x000000000000027b       0x34 Drivers/STM32L4xx_HAL_Driver/Src/stm32l4xx_hal_rcc_ex.o
 .ARM.attributes
                0x00000000000002af       0x34 Drivers/STM32L4xx_HAL_Driver/Src/stm32l4xx_hal_uart.o
 .ARM.attributes
                0x00000000000002e3       0x34 c:/users/hp2021/onedrive/documents/asi/asi work folder long tran/stm32cubeide_1.6.1/stm32cubeide/plugins/com.st.stm32cube.ide.mcu.externaltools.gnu-tools-for-stm32.9-2020-q2-update.win32_1.5.0.202011040924/tools/bin/../lib/gcc/arm-none-eabi/9.3.1/../../../../arm-none-eabi/lib/thumb/v7e-m+fp/hard\libc_nano.a(lib_a-init.o)
 .ARM.attributes
                0x0000000000000317       0x34 c:/users/hp2021/onedrive/documents/asi/asi work folder long tran/stm32cubeide_1.6.1/stm32cubeide/plugins/com.st.stm32cube.ide.mcu.externaltools.gnu-tools-for-stm32.9-2020-q2-update.win32_1.5.0.202011040924/tools/bin/../lib/gcc/arm-none-eabi/9.3.1/../../../../arm-none-eabi/lib/thumb/v7e-m+fp/hard\libc_nano.a(lib_a-memset.o)
 .ARM.attributes
                0x000000000000034b       0x1e c:/users/hp2021/onedrive/documents/asi/asi work folder long tran/stm32cubeide_1.6.1/stm32cubeide/plugins/com.st.stm32cube.ide.mcu.externaltools.gnu-tools-for-stm32.9-2020-q2-update.win32_1.5.0.202011040924/tools/bin/../lib/gcc/arm-none-eabi/9.3.1/thumb/v7e-m+fp/hard\libgcc.a(_aeabi_uldivmod.o)
 .ARM.attributes
                0x0000000000000369       0x34 c:/users/hp2021/onedrive/documents/asi/asi work folder long tran/stm32cubeide_1.6.1/stm32cubeide/plugins/com.st.stm32cube.ide.mcu.externaltools.gnu-tools-for-stm32.9-2020-q2-update.win32_1.5.0.202011040924/tools/bin/../lib/gcc/arm-none-eabi/9.3.1/thumb/v7e-m+fp/hard\libgcc.a(_udivmoddi4.o)
 .ARM.attributes
                0x000000000000039d       0x1e c:/users/hp2021/onedrive/documents/asi/asi work folder long tran/stm32cubeide_1.6.1/stm32cubeide/plugins/com.st.stm32cube.ide.mcu.externaltools.gnu-tools-for-stm32.9-2020-q2-update.win32_1.5.0.202011040924/tools/bin/../lib/gcc/arm-none-eabi/9.3.1/thumb/v7e-m+fp/hard\libgcc.a(_dvmd_tls.o)
 .ARM.attributes
                0x00000000000003bb       0x1e c:/users/hp2021/onedrive/documents/asi/asi work folder long tran/stm32cubeide_1.6.1/stm32cubeide/plugins/com.st.stm32cube.ide.mcu.externaltools.gnu-tools-for-stm32.9-2020-q2-update.win32_1.5.0.202011040924/tools/bin/../lib/gcc/arm-none-eabi/9.3.1/thumb/v7e-m+fp/hard/crtn.o
OUTPUT(ASI Test5.elf elf32-littlearm)
LOAD linker stubs
LOAD c:/users/hp2021/onedrive/documents/asi/asi work folder long tran/stm32cubeide_1.6.1/stm32cubeide/plugins/com.st.stm32cube.ide.mcu.externaltools.gnu-tools-for-stm32.9-2020-q2-update.win32_1.5.0.202011040924/tools/bin/../lib/gcc/arm-none-eabi/9.3.1/../../../../arm-none-eabi/lib/thumb/v7e-m+fp/hard\libc.a
LOAD c:/users/hp2021/onedrive/documents/asi/asi work folder long tran/stm32cubeide_1.6.1/stm32cubeide/plugins/com.st.stm32cube.ide.mcu.externaltools.gnu-tools-for-stm32.9-2020-q2-update.win32_1.5.0.202011040924/tools/bin/../lib/gcc/arm-none-eabi/9.3.1/../../../../arm-none-eabi/lib/thumb/v7e-m+fp/hard\libm.a
LOAD c:/users/hp2021/onedrive/documents/asi/asi work folder long tran/stm32cubeide_1.6.1/stm32cubeide/plugins/com.st.stm32cube.ide.mcu.externaltools.gnu-tools-for-stm32.9-2020-q2-update.win32_1.5.0.202011040924/tools/bin/../lib/gcc/arm-none-eabi/9.3.1/thumb/v7e-m+fp/hard\libgcc.a

.debug_info     0x0000000000000000     0xad8c
 .debug_info    0x0000000000000000     0x12c9 Core/Src/main.o
 .debug_info    0x00000000000012c9      0xef0 Core/Src/stm32l4xx_hal_msp.o
 .debug_info    0x00000000000021b9      0x91c Core/Src/stm32l4xx_it.o
 .debug_info    0x0000000000002ad5      0x779 Core/Src/system_stm32l4xx.o
 .debug_info    0x000000000000324e      0xdcd Core/Src/uart.o
 .debug_info    0x000000000000401b       0x22 Core/Startup/startup_stm32l476rgtx.o
 .debug_info    0x000000000000403d      0xddb Drivers/STM32L4xx_HAL_Driver/Src/stm32l4xx_hal.o
 .debug_info    0x0000000000004e18     0x102e Drivers/STM32L4xx_HAL_Driver/Src/stm32l4xx_hal_cortex.o
 .debug_info    0x0000000000005e46      0xa5f Drivers/STM32L4xx_HAL_Driver/Src/stm32l4xx_hal_gpio.o
 .debug_info    0x00000000000068a5      0xbda Drivers/STM32L4xx_HAL_Driver/Src/stm32l4xx_hal_pwr_ex.o
 .debug_info    0x000000000000747f      0xe0b Drivers/STM32L4xx_HAL_Driver/Src/stm32l4xx_hal_rcc.o
 .debug_info    0x000000000000828a     0x103f Drivers/STM32L4xx_HAL_Driver/Src/stm32l4xx_hal_rcc_ex.o
 .debug_info    0x00000000000092c9     0x1ac3 Drivers/STM32L4xx_HAL_Driver/Src/stm32l4xx_hal_uart.o

.debug_abbrev   0x0000000000000000     0x19a1
 .debug_abbrev  0x0000000000000000      0x24d Core/Src/main.o
 .debug_abbrev  0x000000000000024d      0x1b5 Core/Src/stm32l4xx_hal_msp.o
 .debug_abbrev  0x0000000000000402      0x163 Core/Src/stm32l4xx_it.o
 .debug_abbrev  0x0000000000000565      0x165 Core/Src/system_stm32l4xx.o
 .debug_abbrev  0x00000000000006ca      0x26b Core/Src/uart.o
 .debug_abbrev  0x0000000000000935       0x12 Core/Startup/startup_stm32l476rgtx.o
 .debug_abbrev  0x0000000000000947      0x227 Drivers/STM32L4xx_HAL_Driver/Src/stm32l4xx_hal.o
 .debug_abbrev  0x0000000000000b6e      0x33c Drivers/STM32L4xx_HAL_Driver/Src/stm32l4xx_hal_cortex.o
 .debug_abbrev  0x0000000000000eaa      0x1e8 Drivers/STM32L4xx_HAL_Driver/Src/stm32l4xx_hal_gpio.o
 .debug_abbrev  0x0000000000001092      0x1f3 Drivers/STM32L4xx_HAL_Driver/Src/stm32l4xx_hal_pwr_ex.o
 .debug_abbrev  0x0000000000001285      0x275 Drivers/STM32L4xx_HAL_Driver/Src/stm32l4xx_hal_rcc.o
 .debug_abbrev  0x00000000000014fa      0x268 Drivers/STM32L4xx_HAL_Driver/Src/stm32l4xx_hal_rcc_ex.o
 .debug_abbrev  0x0000000000001762      0x23f Drivers/STM32L4xx_HAL_Driver/Src/stm32l4xx_hal_uart.o

.debug_aranges  0x0000000000000000      0x8c0
 .debug_aranges
                0x0000000000000000       0x48 Core/Src/main.o
 .debug_aranges
                0x0000000000000048       0x30 Core/Src/stm32l4xx_hal_msp.o
 .debug_aranges
                0x0000000000000078       0x60 Core/Src/stm32l4xx_it.o
 .debug_aranges
                0x00000000000000d8       0x28 Core/Src/system_stm32l4xx.o
 .debug_aranges
                0x0000000000000100       0x38 Core/Src/uart.o
 .debug_aranges
                0x0000000000000138       0x28 Core/Startup/startup_stm32l476rgtx.o
 .debug_aranges
                0x0000000000000160      0x130 Drivers/STM32L4xx_HAL_Driver/Src/stm32l4xx_hal.o
 .debug_aranges
                0x0000000000000290      0x118 Drivers/STM32L4xx_HAL_Driver/Src/stm32l4xx_hal_cortex.o
 .debug_aranges
                0x00000000000003a8       0x58 Drivers/STM32L4xx_HAL_Driver/Src/stm32l4xx_hal_gpio.o
 .debug_aranges
                0x0000000000000400      0x150 Drivers/STM32L4xx_HAL_Driver/Src/stm32l4xx_hal_pwr_ex.o
 .debug_aranges
                0x0000000000000550       0x88 Drivers/STM32L4xx_HAL_Driver/Src/stm32l4xx_hal_rcc.o
 .debug_aranges
                0x00000000000005d8       0xc0 Drivers/STM32L4xx_HAL_Driver/Src/stm32l4xx_hal_rcc_ex.o
 .debug_aranges
                0x0000000000000698      0x228 Drivers/STM32L4xx_HAL_Driver/Src/stm32l4xx_hal_uart.o

.debug_ranges   0x0000000000000000      0x828
 .debug_ranges  0x0000000000000000       0x38 Core/Src/main.o
 .debug_ranges  0x0000000000000038       0x20 Core/Src/stm32l4xx_hal_msp.o
 .debug_ranges  0x0000000000000058       0x50 Core/Src/stm32l4xx_it.o
 .debug_ranges  0x00000000000000a8       0x18 Core/Src/system_stm32l4xx.o
 .debug_ranges  0x00000000000000c0       0x28 Core/Src/uart.o
 .debug_ranges  0x00000000000000e8       0x20 Core/Startup/startup_stm32l476rgtx.o
 .debug_ranges  0x0000000000000108      0x120 Drivers/STM32L4xx_HAL_Driver/Src/stm32l4xx_hal.o
 .debug_ranges  0x0000000000000228      0x108 Drivers/STM32L4xx_HAL_Driver/Src/stm32l4xx_hal_cortex.o
 .debug_ranges  0x0000000000000330       0x48 Drivers/STM32L4xx_HAL_Driver/Src/stm32l4xx_hal_gpio.o
 .debug_ranges  0x0000000000000378      0x140 Drivers/STM32L4xx_HAL_Driver/Src/stm32l4xx_hal_pwr_ex.o
 .debug_ranges  0x00000000000004b8       0x78 Drivers/STM32L4xx_HAL_Driver/Src/stm32l4xx_hal_rcc.o
 .debug_ranges  0x0000000000000530       0xb0 Drivers/STM32L4xx_HAL_Driver/Src/stm32l4xx_hal_rcc_ex.o
 .debug_ranges  0x00000000000005e0      0x248 Drivers/STM32L4xx_HAL_Driver/Src/stm32l4xx_hal_uart.o

.debug_macro    0x0000000000000000    0x25356
 .debug_macro   0x0000000000000000      0x1dd Core/Src/main.o
 .debug_macro   0x00000000000001dd      0xaa8 Core/Src/main.o
 .debug_macro   0x0000000000000c85      0x1a7 Core/Src/main.o
 .debug_macro   0x0000000000000e2c       0x2e Core/Src/main.o
 .debug_macro   0x0000000000000e5a       0x28 Core/Src/main.o
 .debug_macro   0x0000000000000e82       0x22 Core/Src/main.o
 .debug_macro   0x0000000000000ea4       0x8e Core/Src/main.o
 .debug_macro   0x0000000000000f32       0x51 Core/Src/main.o
 .debug_macro   0x0000000000000f83      0x103 Core/Src/main.o
 .debug_macro   0x0000000000001086       0x6a Core/Src/main.o
 .debug_macro   0x00000000000010f0      0x1df Core/Src/main.o
 .debug_macro   0x00000000000012cf       0x1c Core/Src/main.o
 .debug_macro   0x00000000000012eb       0x22 Core/Src/main.o
 .debug_macro   0x000000000000130d      0x101 Core/Src/main.o
 .debug_macro   0x000000000000140e     0x1011 Core/Src/main.o
 .debug_macro   0x000000000000241f      0x11f Core/Src/main.o
 .debug_macro   0x000000000000253e    0x1a13d Core/Src/main.o
 .debug_macro   0x000000000001c67b       0x43 Core/Src/main.o
 .debug_macro   0x000000000001c6be     0x3897 Core/Src/main.o
 .debug_macro   0x000000000001ff55      0x174 Core/Src/main.o
 .debug_macro   0x00000000000200c9       0x5c Core/Src/main.o
 .debug_macro   0x0000000000020125     0x155f Core/Src/main.o
 .debug_macro   0x0000000000021684      0x59e Core/Src/main.o
 .debug_macro   0x0000000000021c22      0x13d Core/Src/main.o
 .debug_macro   0x0000000000021d5f      0x18b Core/Src/main.o
 .debug_macro   0x0000000000021eea      0x26b Core/Src/main.o
 .debug_macro   0x0000000000022155      0x23d Core/Src/main.o
 .debug_macro   0x0000000000022392      0x241 Core/Src/main.o
 .debug_macro   0x00000000000225d3      0x37c Core/Src/main.o
 .debug_macro   0x000000000002294f       0xd6 Core/Src/main.o
 .debug_macro   0x0000000000022a25      0x22c Core/Src/main.o
 .debug_macro   0x0000000000022c51       0x61 Core/Src/main.o
 .debug_macro   0x0000000000022cb2       0xa5 Core/Src/main.o
 .debug_macro   0x0000000000022d57      0x122 Core/Src/main.o
 .debug_macro   0x0000000000022e79      0x3e9 Core/Src/main.o
 .debug_macro   0x0000000000023262      0x5ba Core/Src/main.o
 .debug_macro   0x000000000002381c       0x44 Core/Src/main.o
 .debug_macro   0x0000000000023860      0x331 Core/Src/main.o
 .debug_macro   0x0000000000023b91       0x58 Core/Src/main.o
 .debug_macro   0x0000000000023be9       0x28 Core/Src/main.o
 .debug_macro   0x0000000000023c11      0x1d4 Core/Src/stm32l4xx_hal_msp.o
 .debug_macro   0x0000000000023de5      0x1de Core/Src/stm32l4xx_it.o
 .debug_macro   0x0000000000023fc3      0x1c5 Core/Src/system_stm32l4xx.o
 .debug_macro   0x0000000000024188      0x296 Core/Src/uart.o
 .debug_macro   0x000000000002441e       0x10 Core/Src/uart.o
 .debug_macro   0x000000000002442e       0x20 Core/Src/uart.o
 .debug_macro   0x000000000002444e       0xfb Core/Src/uart.o
 .debug_macro   0x0000000000024549       0x56 Core/Src/uart.o
 .debug_macro   0x000000000002459f      0x213 Drivers/STM32L4xx_HAL_Driver/Src/stm32l4xx_hal.o
 .debug_macro   0x00000000000247b2      0x1c5 Drivers/STM32L4xx_HAL_Driver/Src/stm32l4xx_hal_cortex.o
 .debug_macro   0x0000000000024977      0x204 Drivers/STM32L4xx_HAL_Driver/Src/stm32l4xx_hal_gpio.o
 .debug_macro   0x0000000000024b7b      0x1e9 Drivers/STM32L4xx_HAL_Driver/Src/stm32l4xx_hal_pwr_ex.o
 .debug_macro   0x0000000000024d64      0x207 Drivers/STM32L4xx_HAL_Driver/Src/stm32l4xx_hal_rcc.o
 .debug_macro   0x0000000000024f6b      0x1fb Drivers/STM32L4xx_HAL_Driver/Src/stm32l4xx_hal_rcc_ex.o
 .debug_macro   0x0000000000025166      0x1f0 Drivers/STM32L4xx_HAL_Driver/Src/stm32l4xx_hal_uart.o

.debug_line     0x0000000000000000     0xa9e6
 .debug_line    0x0000000000000000      0x9bb Core/Src/main.o
 .debug_line    0x00000000000009bb      0x8cd Core/Src/stm32l4xx_hal_msp.o
 .debug_line    0x0000000000001288      0x90a Core/Src/stm32l4xx_it.o
 .debug_line    0x0000000000001b92      0x8f8 Core/Src/system_stm32l4xx.o
 .debug_line    0x000000000000248a      0xae8 Core/Src/uart.o
 .debug_line    0x0000000000002f72       0x87 Core/Startup/startup_stm32l476rgtx.o
 .debug_line    0x0000000000002ff9      0xc38 Drivers/STM32L4xx_HAL_Driver/Src/stm32l4xx_hal.o
 .debug_line    0x0000000000003c31      0xdde Drivers/STM32L4xx_HAL_Driver/Src/stm32l4xx_hal_cortex.o
 .debug_line    0x0000000000004a0f      0xcb1 Drivers/STM32L4xx_HAL_Driver/Src/stm32l4xx_hal_gpio.o
 .debug_line    0x00000000000056c0      0xdf3 Drivers/STM32L4xx_HAL_Driver/Src/stm32l4xx_hal_pwr_ex.o
 .debug_line    0x00000000000064b3     0x107b Drivers/STM32L4xx_HAL_Driver/Src/stm32l4xx_hal_rcc.o
 .debug_line    0x000000000000752e     0x15f0 Drivers/STM32L4xx_HAL_Driver/Src/stm32l4xx_hal_rcc_ex.o
 .debug_line    0x0000000000008b1e     0x1ec8 Drivers/STM32L4xx_HAL_Driver/Src/stm32l4xx_hal_uart.o

.debug_str      0x0000000000000000    0xe8420
 .debug_str     0x0000000000000000    0xe2b68 Core/Src/main.o
                                      0xe2eb5 (size before relaxing)
 .debug_str     0x00000000000e2b68      0x495 Core/Src/stm32l4xx_hal_msp.o
                                      0xe2e5e (size before relaxing)
 .debug_str     0x00000000000e2ffd       0xbd Core/Src/stm32l4xx_it.o
                                      0xe285d (size before relaxing)
 .debug_str     0x00000000000e30ba       0xb8 Core/Src/system_stm32l4xx.o
                                      0xe247e (size before relaxing)
 .debug_str     0x00000000000e3172     0x3231 Core/Src/uart.o
                                      0xe55e5 (size before relaxing)
 .debug_str     0x00000000000e63a3       0x36 Core/Startup/startup_stm32l476rgtx.o
                                         0x70 (size before relaxing)
 .debug_str     0x00000000000e63d9      0x627 Drivers/STM32L4xx_HAL_Driver/Src/stm32l4xx_hal.o
                                      0xe2fe9 (size before relaxing)
 .debug_str     0x00000000000e6a00      0x389 Drivers/STM32L4xx_HAL_Driver/Src/stm32l4xx_hal_cortex.o
                                      0xe2ced (size before relaxing)
 .debug_str     0x00000000000e6d89      0x236 Drivers/STM32L4xx_HAL_Driver/Src/stm32l4xx_hal_gpio.o
                                      0xe2718 (size before relaxing)
 .debug_str     0x00000000000e6fbf      0x4b4 Drivers/STM32L4xx_HAL_Driver/Src/stm32l4xx_hal_pwr_ex.o
                                      0xe29b4 (size before relaxing)
 .debug_str     0x00000000000e7473      0x34e Drivers/STM32L4xx_HAL_Driver/Src/stm32l4xx_hal_rcc.o
                                      0xe2a5b (size before relaxing)
 .debug_str     0x00000000000e77c1      0x3a6 Drivers/STM32L4xx_HAL_Driver/Src/stm32l4xx_hal_rcc_ex.o
                                      0xe2bec (size before relaxing)
 .debug_str     0x00000000000e7b67      0x8b9 Drivers/STM32L4xx_HAL_Driver/Src/stm32l4xx_hal_uart.o
                                      0xe30dd (size before relaxing)

.comment        0x0000000000000000       0x53
 .comment       0x0000000000000000       0x53 Core/Src/main.o
                                         0x54 (size before relaxing)
 .comment       0x0000000000000053       0x54 Core/Src/stm32l4xx_hal_msp.o
 .comment       0x0000000000000053       0x54 Core/Src/stm32l4xx_it.o
 .comment       0x0000000000000053       0x54 Core/Src/system_stm32l4xx.o
 .comment       0x0000000000000053       0x54 Core/Src/uart.o
 .comment       0x0000000000000053       0x54 Drivers/STM32L4xx_HAL_Driver/Src/stm32l4xx_hal.o
 .comment       0x0000000000000053       0x54 Drivers/STM32L4xx_HAL_Driver/Src/stm32l4xx_hal_cortex.o
 .comment       0x0000000000000053       0x54 Drivers/STM32L4xx_HAL_Driver/Src/stm32l4xx_hal_gpio.o
 .comment       0x0000000000000053       0x54 Drivers/STM32L4xx_HAL_Driver/Src/stm32l4xx_hal_pwr_ex.o
 .comment       0x0000000000000053       0x54 Drivers/STM32L4xx_HAL_Driver/Src/stm32l4xx_hal_rcc.o
 .comment       0x0000000000000053       0x54 Drivers/STM32L4xx_HAL_Driver/Src/stm32l4xx_hal_rcc_ex.o
 .comment       0x0000000000000053       0x54 Drivers/STM32L4xx_HAL_Driver/Src/stm32l4xx_hal_uart.o

.debug_frame    0x0000000000000000     0x228c
 .debug_frame   0x0000000000000000       0xcc Core/Src/main.o
 .debug_frame   0x00000000000000cc       0x80 Core/Src/stm32l4xx_hal_msp.o
 .debug_frame   0x000000000000014c      0x104 Core/Src/stm32l4xx_it.o
 .debug_frame   0x0000000000000250       0x58 Core/Src/system_stm32l4xx.o
 .debug_frame   0x00000000000002a8       0xa4 Core/Src/uart.o
 .debug_frame   0x000000000000034c      0x498 Drivers/STM32L4xx_HAL_Driver/Src/stm32l4xx_hal.o
 .debug_frame   0x00000000000007e4      0x498 Drivers/STM32L4xx_HAL_Driver/Src/stm32l4xx_hal_cortex.o
 .debug_frame   0x0000000000000c7c      0x14c Drivers/STM32L4xx_HAL_Driver/Src/stm32l4xx_hal_gpio.o
 .debug_frame   0x0000000000000dc8      0x544 Drivers/STM32L4xx_HAL_Driver/Src/stm32l4xx_hal_pwr_ex.o
 .debug_frame   0x000000000000130c      0x1f4 Drivers/STM32L4xx_HAL_Driver/Src/stm32l4xx_hal_rcc.o
 .debug_frame   0x0000000000001500      0x2fc Drivers/STM32L4xx_HAL_Driver/Src/stm32l4xx_hal_rcc_ex.o
 .debug_frame   0x00000000000017fc      0x9e4 Drivers/STM32L4xx_HAL_Driver/Src/stm32l4xx_hal_uart.o
 .debug_frame   0x00000000000021e0       0x2c c:/users/hp2021/onedrive/documents/asi/asi work folder long tran/stm32cubeide_1.6.1/stm32cubeide/plugins/com.st.stm32cube.ide.mcu.externaltools.gnu-tools-for-stm32.9-2020-q2-update.win32_1.5.0.202011040924/tools/bin/../lib/gcc/arm-none-eabi/9.3.1/../../../../arm-none-eabi/lib/thumb/v7e-m+fp/hard\libc_nano.a(lib_a-init.o)
 .debug_frame   0x000000000000220c       0x20 c:/users/hp2021/onedrive/documents/asi/asi work folder long tran/stm32cubeide_1.6.1/stm32cubeide/plugins/com.st.stm32cube.ide.mcu.externaltools.gnu-tools-for-stm32.9-2020-q2-update.win32_1.5.0.202011040924/tools/bin/../lib/gcc/arm-none-eabi/9.3.1/../../../../arm-none-eabi/lib/thumb/v7e-m+fp/hard\libc_nano.a(lib_a-memset.o)
 .debug_frame   0x000000000000222c       0x2c c:/users/hp2021/onedrive/documents/asi/asi work folder long tran/stm32cubeide_1.6.1/stm32cubeide/plugins/com.st.stm32cube.ide.mcu.externaltools.gnu-tools-for-stm32.9-2020-q2-update.win32_1.5.0.202011040924/tools/bin/../lib/gcc/arm-none-eabi/9.3.1/thumb/v7e-m+fp/hard\libgcc.a(_aeabi_uldivmod.o)
 .debug_frame   0x0000000000002258       0x34 c:/users/hp2021/onedrive/documents/asi/asi work folder long tran/stm32cubeide_1.6.1/stm32cubeide/plugins/com.st.stm32cube.ide.mcu.externaltools.gnu-tools-for-stm32.9-2020-q2-update.win32_1.5.0.202011040924/tools/bin/../lib/gcc/arm-none-eabi/9.3.1/thumb/v7e-m+fp/hard\libgcc.a(_udivmoddi4.o)
