Archive member included to satisfy reference by file (symbol)

c:/users/hp2021/onedrive/documents/asi/asi work folder long tran/stm32cubeide_1.6.1/stm32cubeide/plugins/com.st.stm32cube.ide.mcu.externaltools.gnu-tools-for-stm32.9-2020-q2-update.win32_1.5.0.202011040924/tools/bin/../lib/gcc/arm-none-eabi/9.3.1/../../../../arm-none-eabi/lib/thumb/v7e-m+fp/hard\libc_nano.a(lib_a-atoi.o)
                              Core/Src/API/api_wifi.o (atoi)
c:/users/hp2021/onedrive/documents/asi/asi work folder long tran/stm32cubeide_1.6.1/stm32cubeide/plugins/com.st.stm32cube.ide.mcu.externaltools.gnu-tools-for-stm32.9-2020-q2-update.win32_1.5.0.202011040924/tools/bin/../lib/gcc/arm-none-eabi/9.3.1/../../../../arm-none-eabi/lib/thumb/v7e-m+fp/hard\libc_nano.a(lib_a-errno.o)
                              Core/Src/syscalls.o (__errno)
c:/users/hp2021/onedrive/documents/asi/asi work folder long tran/stm32cubeide_1.6.1/stm32cubeide/plugins/com.st.stm32cube.ide.mcu.externaltools.gnu-tools-for-stm32.9-2020-q2-update.win32_1.5.0.202011040924/tools/bin/../lib/gcc/arm-none-eabi/9.3.1/../../../../arm-none-eabi/lib/thumb/v7e-m+fp/hard\libc_nano.a(lib_a-exit.o)
                              c:/users/hp2021/onedrive/documents/asi/asi work folder long tran/stm32cubeide_1.6.1/stm32cubeide/plugins/com.st.stm32cube.ide.mcu.externaltools.gnu-tools-for-stm32.9-2020-q2-update.win32_1.5.0.202011040924/tools/bin/../lib/gcc/arm-none-eabi/9.3.1/../../../../arm-none-eabi/lib/thumb/v7e-m+fp/hard/crt0.o (exit)
c:/users/hp2021/onedrive/documents/asi/asi work folder long tran/stm32cubeide_1.6.1/stm32cubeide/plugins/com.st.stm32cube.ide.mcu.externaltools.gnu-tools-for-stm32.9-2020-q2-update.win32_1.5.0.202011040924/tools/bin/../lib/gcc/arm-none-eabi/9.3.1/../../../../arm-none-eabi/lib/thumb/v7e-m+fp/hard\libc_nano.a(lib_a-impure.o)
                              c:/users/hp2021/onedrive/documents/asi/asi work folder long tran/stm32cubeide_1.6.1/stm32cubeide/plugins/com.st.stm32cube.ide.mcu.externaltools.gnu-tools-for-stm32.9-2020-q2-update.win32_1.5.0.202011040924/tools/bin/../lib/gcc/arm-none-eabi/9.3.1/../../../../arm-none-eabi/lib/thumb/v7e-m+fp/hard\libc_nano.a(lib_a-exit.o) (_global_impure_ptr)
c:/users/hp2021/onedrive/documents/asi/asi work folder long tran/stm32cubeide_1.6.1/stm32cubeide/plugins/com.st.stm32cube.ide.mcu.externaltools.gnu-tools-for-stm32.9-2020-q2-update.win32_1.5.0.202011040924/tools/bin/../lib/gcc/arm-none-eabi/9.3.1/../../../../arm-none-eabi/lib/thumb/v7e-m+fp/hard\libc_nano.a(lib_a-init.o)
                              c:/users/hp2021/onedrive/documents/asi/asi work folder long tran/stm32cubeide_1.6.1/stm32cubeide/plugins/com.st.stm32cube.ide.mcu.externaltools.gnu-tools-for-stm32.9-2020-q2-update.win32_1.5.0.202011040924/tools/bin/../lib/gcc/arm-none-eabi/9.3.1/../../../../arm-none-eabi/lib/thumb/v7e-m+fp/hard/crt0.o (__libc_init_array)
c:/users/hp2021/onedrive/documents/asi/asi work folder long tran/stm32cubeide_1.6.1/stm32cubeide/plugins/com.st.stm32cube.ide.mcu.externaltools.gnu-tools-for-stm32.9-2020-q2-update.win32_1.5.0.202011040924/tools/bin/../lib/gcc/arm-none-eabi/9.3.1/../../../../arm-none-eabi/lib/thumb/v7e-m+fp/hard\libc_nano.a(lib_a-memset.o)
                              c:/users/hp2021/onedrive/documents/asi/asi work folder long tran/stm32cubeide_1.6.1/stm32cubeide/plugins/com.st.stm32cube.ide.mcu.externaltools.gnu-tools-for-stm32.9-2020-q2-update.win32_1.5.0.202011040924/tools/bin/../lib/gcc/arm-none-eabi/9.3.1/../../../../arm-none-eabi/lib/thumb/v7e-m+fp/hard/crt0.o (memset)
c:/users/hp2021/onedrive/documents/asi/asi work folder long tran/stm32cubeide_1.6.1/stm32cubeide/plugins/com.st.stm32cube.ide.mcu.externaltools.gnu-tools-for-stm32.9-2020-q2-update.win32_1.5.0.202011040924/tools/bin/../lib/gcc/arm-none-eabi/9.3.1/../../../../arm-none-eabi/lib/thumb/v7e-m+fp/hard\libc_nano.a(lib_a-strlen.o)
                              Core/Src/API/api_wifi.o (strlen)
c:/users/hp2021/onedrive/documents/asi/asi work folder long tran/stm32cubeide_1.6.1/stm32cubeide/plugins/com.st.stm32cube.ide.mcu.externaltools.gnu-tools-for-stm32.9-2020-q2-update.win32_1.5.0.202011040924/tools/bin/../lib/gcc/arm-none-eabi/9.3.1/../../../../arm-none-eabi/lib/thumb/v7e-m+fp/hard\libc_nano.a(lib_a-strstr.o)
                              Core/Src/API/api_wifi.o (strstr)
c:/users/hp2021/onedrive/documents/asi/asi work folder long tran/stm32cubeide_1.6.1/stm32cubeide/plugins/com.st.stm32cube.ide.mcu.externaltools.gnu-tools-for-stm32.9-2020-q2-update.win32_1.5.0.202011040924/tools/bin/../lib/gcc/arm-none-eabi/9.3.1/../../../../arm-none-eabi/lib/thumb/v7e-m+fp/hard\libc_nano.a(lib_a-strtok.o)
                              Core/Src/API/api_wifi.o (strtok)
[...]
Memory Configuration

Name             Origin             Length             Attributes
RAM              0x0000000020000000 0x0000000000018000 xrw
RAM2             0x0000000010000000 0x0000000000008000 xrw
FLASH            0x0000000008000000 0x0000000000100000 xr
*default*        0x0000000000000000 0xffffffffffffffff

Linker script and memory map

LOAD c:/users/hp2021/onedrive/documents/asi/asi work folder long tran/stm32cubeide_1.6.1/stm32cubeide/plugins/com.st.stm32cube.ide.mcu.externaltools.gnu-tools-for-stm32.9-2020-q2-update.win32_1.5.0.202011040924/tools/bin/../lib/gcc/arm-none-eabi/9.3.1/thumb/v7e-m+fp/hard/crti.o
LOAD c:/users/hp2021/onedrive/documents/asi/asi work folder long tran/stm32cubeide_1.6.1/stm32cubeide/plugins/com.st.stm32cube.ide.mcu.externaltools.gnu-tools-for-stm32.9-2020-q2-update.win32_1.5.0.202011040924/tools/bin/../lib/gcc/arm-none-eabi/9.3.1/thumb/v7e-m+fp/hard/crtbegin.o
LOAD c:/users/hp2021/onedrive/documents/asi/asi work folder long tran/stm32cubeide_1.6.1/stm32cubeide/plugins/com.st.stm32cube.ide.mcu.externaltools.gnu-tools-for-stm32.9-2020-q2-update.win32_1.5.0.202011040924/tools/bin/../lib/gcc/arm-none-eabi/9.3.1/../../../../arm-none-eabi/lib/thumb/v7e-m+fp/hard/crt0.o
LOAD Core/Src/API/api_camera.o
LOAD Core/Src/API/api_wifi.o
LOAD Core/Src/Device_Drivers/uart.o
LOAD Core/Src/main.o
LOAD Core/Src/round_robin.o
LOAD Core/Src/stm32l4xx_hal_msp.o
LOAD Core/Src/stm32l4xx_it.o
LOAD Core/Src/syscalls.o
LOAD Core/Src/sysmem.o
LOAD Core/Src/system_stm32l4xx.o
LOAD Core/Startup/startup_stm32l476rgtx.o
LOAD Drivers/STM32L4xx_HAL_Driver/Src/stm32l4xx_hal.o
LOAD Drivers/STM32L4xx_HAL_Driver/Src/stm32l4xx_hal_cortex.o
LOAD Drivers/STM32L4xx_HAL_Driver/Src/stm32l4xx_hal_dma.o
LOAD Drivers/STM32L4xx_HAL_Driver/Src/stm32l4xx_hal_dma_ex.o
LOAD Drivers/STM32L4xx_HAL_Driver/Src/stm32l4xx_hal_exti.o
LOAD Drivers/STM32L4xx_HAL_Driver/Src/stm32l4xx_hal_flash.o
LOAD Drivers/STM32L4xx_HAL_Driver/Src/stm32l4xx_hal_flash_ex.o
LOAD Drivers/STM32L4xx_HAL_Driver/Src/stm32l4xx_hal_flash_ramfunc.o
LOAD Drivers/STM32L4xx_HAL_Driver/Src/stm32l4xx_hal_gpio.o
LOAD Drivers/STM32L4xx_HAL_Driver/Src/stm32l4xx_hal_i2c.o
LOAD Drivers/STM32L4xx_HAL_Driver/Src/stm32l4xx_hal_i2c_ex.o
LOAD Drivers/STM32L4xx_HAL_Driver/Src/stm32l4xx_hal_pwr.o
LOAD Drivers/STM32L4xx_HAL_Driver/Src/stm32l4xx_hal_pwr_ex.o
LOAD Drivers/STM32L4xx_HAL_Driver/Src/stm32l4xx_hal_rcc.o
LOAD Drivers/STM32L4xx_HAL_Driver/Src/stm32l4xx_hal_rcc_ex.o
LOAD Drivers/STM32L4xx_HAL_Driver/Src/stm32l4xx_hal_tim.o
LOAD Drivers/STM32L4xx_HAL_Driver/Src/stm32l4xx_hal_tim_ex.o
LOAD Drivers/STM32L4xx_HAL_Driver/Src/stm32l4xx_hal_uart.o
LOAD Drivers/STM32L4xx_HAL_Driver/Src/stm32l4xx_hal_uart_ex.o
START GROUP
LOAD c:/users/hp2021/onedrive/documents/asi/asi work folder long tran/stm32cubeide_1.6.1/stm32cubeide/plugins/com.st.stm32cube.ide.mcu.externaltools.gnu-tools-for-stm32.9-2020-q2-update.win32_1.5.0.202011040924/tools/bin/../lib/gcc/arm-none-eabi/9.3.1/../../../../arm-none-eabi/lib/thumb/v7e-m+fp/hard\libc_nano.a
LOAD c:/users/hp2021/onedrive/documents/asi/asi work folder long tran/stm32cubeide_1.6.1/stm32cubeide/plugins/com.st.stm32cube.ide.mcu.externaltools.gnu-tools-for-stm32.9-2020-q2-update.win32_1.5.0.202011040924/tools/bin/../lib/gcc/arm-none-eabi/9.3.1/../../../../arm-none-eabi/lib/thumb/v7e-m+fp/hard\libm.a
END GROUP
START GROUP
LOAD c:/users/hp2021/onedrive/documents/asi/asi work folder long tran/stm32cubeide_1.6.1/stm32cubeide/plugins/com.st.stm32cube.ide.mcu.externaltools.gnu-tools-for-stm32.9-2020-q2-update.win32_1.5.0.202011040924/tools/bin/../lib/gcc/arm-none-eabi/9.3.1/thumb/v7e-m+fp/hard\libgcc.a
LOAD c:/users/hp2021/onedrive/documents/asi/asi work folder long tran/stm32cubeide_1.6.1/stm32cubeide/plugins/com.st.stm32cube.ide.mcu.externaltools.gnu-tools-for-stm32.9-2020-q2-update.win32_1.5.0.202011040924/tools/bin/../lib/gcc/arm-none-eabi/9.3.1/../../../../arm-none-eabi/lib/thumb/v7e-m+fp/hard\libc_nano.a
END GROUP
START GROUP
LOAD c:/users/hp2021/onedrive/documents/asi/asi work folder long tran/stm32cubeide_1.6.1/stm32cubeide/plugins/com.st.stm32cube.ide.mcu.externaltools.gnu-tools-for-stm32.9-2020-q2-update.win32_1.5.0.202011040924/tools/bin/../lib/gcc/arm-none-eabi/9.3.1/thumb/v7e-m+fp/hard\libgcc.a
LOAD c:/users/hp2021/onedrive/documents/asi/asi work folder long tran/stm32cubeide_1.6.1/stm32cubeide/plugins/com.st.stm32cube.ide.mcu.externaltools.gnu-tools-for-stm32.9-2020-q2-update.win32_1.5.0.202011040924/tools/bin/../lib/gcc/arm-none-eabi/9.3.1/../../../../arm-none-eabi/lib/thumb/v7e-m+fp/hard\libc_nano.a
LOAD c:/users/hp2021/onedrive/documents/asi/asi work folder long tran/stm32cubeide_1.6.1/stm32cubeide/plugins/com.st.stm32cube.ide.mcu.externaltools.gnu-tools-for-stm32.9-2020-q2-update.win32_1.5.0.202011040924/tools/bin/../lib/gcc/arm-none-eabi/9.3.1/../../../../arm-none-eabi/lib/thumb/v7e-m+fp/hard\libnosys.a
END GROUP
START GROUP
LOAD c:/users/hp2021/onedrive/documents/asi/asi work folder long tran/stm32cubeide_1.6.1/stm32cubeide/plugins/com.st.stm32cube.ide.mcu.externaltools.gnu-tools-for-stm32.9-2020-q2-update.win32_1.5.0.202011040924/tools/bin/../lib/gcc/arm-none-eabi/9.3.1/thumb/v7e-m+fp/hard\libgcc.a
LOAD c:/users/hp2021/onedrive/documents/asi/asi work folder long tran/stm32cubeide_1.6.1/stm32cubeide/plugins/com.st.stm32cube.ide.mcu.externaltools.gnu-tools-for-stm32.9-2020-q2-update.win32_1.5.0.202011040924/tools/bin/../lib/gcc/arm-none-eabi/9.3.1/../../../../arm-none-eabi/lib/thumb/v7e-m+fp/hard\libc_nano.a
LOAD c:/users/hp2021/onedrive/documents/asi/asi work folder long tran/stm32cubeide_1.6.1/stm32cubeide/plugins/com.st.stm32cube.ide.mcu.externaltools.gnu-tools-for-stm32.9-2020-q2-update.win32_1.5.0.202011040924/tools/bin/../lib/gcc/arm-none-eabi/9.3.1/../../../../arm-none-eabi/lib/thumb/v7e-m+fp/hard\libnosys.a
END GROUP
LOAD c:/users/hp2021/onedrive/documents/asi/asi work folder long tran/stm32cubeide_1.6.1/stm32cubeide/plugins/com.st.stm32cube.ide.mcu.externaltools.gnu-tools-for-stm32.9-2020-q2-update.win32_1.5.0.202011040924/tools/bin/../lib/gcc/arm-none-eabi/9.3.1/thumb/v7e-m+fp/hard/crtend.o
LOAD c:/users/hp2021/onedrive/documents/asi/asi work folder long tran/stm32cubeide_1.6.1/stm32cubeide/plugins/com.st.stm32cube.ide.mcu.externaltools.gnu-tools-for-stm32.9-2020-q2-update.win32_1.5.0.202011040924/tools/bin/../lib/gcc/arm-none-eabi/9.3.1/thumb/v7e-m+fp/hard/crtn.o
                0x0000000020018000                _estack = (ORIGIN (RAM) + LENGTH (RAM))
                0x0000000000000200                _Min_Heap_Size = 0x200
                0x0000000000000400                _Min_Stack_Size = 0x400

.isr_vector     0x0000000008000000      0x188
                0x0000000008000000                . = ALIGN (0x4)
 *(.isr_vector)
 .isr_vector    0x0000000008000000      0x188 Core/Startup/startup_stm32l476rgtx.o
                0x0000000008000000                g_pfnVectors
                0x0000000008000188                . = ALIGN (0x4)

.text           0x0000000008000188     0x3564
                0x0000000008000188                . = ALIGN (0x4)
 *(.text)
 .text          0x0000000008000188       0x40 c:/users/hp2021/onedrive/documents/asi/asi work folder long tran/stm32cubeide_1.6.1/stm32cubeide/plugins/com.st.stm32cube.ide.mcu.externaltools.gnu-tools-for-stm32.9-2020-q2-update.win32_1.5.0.202011040924/tools/bin/../lib/gcc/arm-none-eabi/9.3.1/thumb/v7e-m+fp/hard/crtbegin.o
 .text          0x00000000080001c8       0x10 c:/users/hp2021/onedrive/documents/asi/asi work folder long tran/stm32cubeide_1.6.1/stm32cubeide/plugins/com.st.stm32cube.ide.mcu.externaltools.gnu-tools-for-stm32.9-2020-q2-update.win32_1.5.0.202011040924/tools/bin/../lib/gcc/arm-none-eabi/9.3.1/../../../../arm-none-eabi/lib/thumb/v7e-m+fp/hard\libc_nano.a(lib_a-strlen.o)
                0x00000000080001c8                strlen
 .text          0x00000000080001d8       0x30 c:/users/hp2021/onedrive/documents/asi/asi work folder long tran/stm32cubeide_1.6.1/stm32cubeide/plugins/com.st.stm32cube.ide.mcu.externaltools.gnu-tools-for-stm32.9-2020-q2-update.win32_1.5.0.202011040924/tools/bin/../lib/gcc/arm-none-eabi/9.3.1/thumb/v7e-m+fp/hard\libgcc.a(_aeabi_uldivmod.o)
                0x00000000080001d8                __aeabi_uldivmod
 .text          0x0000000008000208      0x2c4 c:/users/hp2021/onedrive/documents/asi/asi work folder long tran/stm32cubeide_1.6.1/stm32cubeide/plugins/com.st.stm32cube.ide.mcu.externaltools.gnu-tools-for-stm32.9-2020-q2-update.win32_1.5.0.202011040924/tools/bin/../lib/gcc/arm-none-eabi/9.3.1/thumb/v7e-m+fp/hard\libgcc.a(_udivmoddi4.o)
                0x0000000008000208                __udivmoddi4
 .text          0x00000000080004cc        0x4 c:/users/hp2021/onedrive/documents/asi/asi work folder long tran/stm32cubeide_1.6.1/stm32cubeide/plugins/com.st.stm32cube.ide.mcu.externaltools.gnu-tools-for-stm32.9-2020-q2-update.win32_1.5.0.202011040924/tools/bin/../lib/gcc/arm-none-eabi/9.3.1/thumb/v7e-m+fp/hard\libgcc.a(_dvmd_tls.o)
                0x00000000080004cc                __aeabi_idiv0
                0x00000000080004cc                __aeabi_ldiv0
 *(.text*)
 .text.api_camera_connect
                0x00000000080004d0       0x80 Core/Src/API/api_camera.o
                0x00000000080004d0                api_camera_connect
 .text.api_camera_stopcap
                0x0000000008000550       0x50 Core/Src/API/api_camera.o
                0x0000000008000550                api_camera_stopcap
 .text.api_camera_imageres
                0x00000000080005a0       0x50 Core/Src/API/api_camera.o
                0x00000000080005a0                api_camera_imageres
 .text.api_camera_imagecomp
                0x00000000080005f0       0x50 Core/Src/API/api_camera.o
                0x00000000080005f0                api_camera_imagecomp
 .text.api_camera_imageget
                0x0000000008000640       0x50 Core/Src/API/api_camera.o
                0x0000000008000640                api_camera_imageget
 .text.api_camera_imagelen
                0x0000000008000690       0x90 Core/Src/API/api_camera.o
                0x0000000008000690                api_camera_imagelen
 .text.api_camera_imagedata
                0x0000000008000720       0xb4 Core/Src/API/api_camera.o
                0x0000000008000720                api_camera_imagedata
 .text.uart_tx  0x00000000080007d4       0x44 Core/Src/Device_Drivers/uart.o
                0x00000000080007d4                uart_tx
 .text.uart_rx_print
                0x0000000008000818       0x54 Core/Src/Device_Drivers/uart.o
                0x0000000008000818                uart_rx_print
 .text.uart_rx_flush
                0x000000000800086c       0x40 Core/Src/Device_Drivers/uart.o
                0x000000000800086c                uart_rx_flush
 .text.uart_rx_check
                0x00000000080008ac       0x42 Core/Src/Device_Drivers/uart.o
                0x00000000080008ac                uart_rx_check
 *fill*         0x00000000080008ee        0x2 
 .text.uart_rx_find
                0x00000000080008f0       0x78 Core/Src/Device_Drivers/uart.o
                0x00000000080008f0                uart_rx_find
 .text.LOG      0x0000000008000968       0x4c Core/Src/Device_Drivers/uart.o
                0x0000000008000968                LOG
 .text.LOG_BOX  0x00000000080009b4       0x28 Core/Src/Device_Drivers/uart.o
                0x00000000080009b4                LOG_BOX
 .text.uart_isr
                0x00000000080009dc       0xb4 Core/Src/Device_Drivers/uart.o
                0x00000000080009dc                uart_isr
 .text.main     0x0000000008000a90       0x2a Core/Src/main.o
                0x0000000008000a90                main
 .text.SystemClock_Config
                0x0000000008000aba       0xf2 Core/Src/main.o
                0x0000000008000aba                SystemClock_Config
 .text.MX_USART1_UART_Init
                0x0000000008000bac       0x7c Core/Src/main.o
 .text.MX_USART2_UART_Init
                0x0000000008000c28       0x70 Core/Src/main.o
 .text.MX_USART3_UART_Init
                0x0000000008000c98       0x7c Core/Src/main.o
 .text.MX_GPIO_Init
                0x0000000008000d14       0xd0 Core/Src/main.o
 .text.Error_Handler
                0x0000000008000de4        0xa Core/Src/main.o
                0x0000000008000de4                Error_Handler
 *fill*         0x0000000008000dee        0x2 
 .text.HAL_MspInit
                0x0000000008000df0       0x48 Core/Src/stm32l4xx_hal_msp.o
                0x0000000008000df0                HAL_MspInit
 .text.HAL_UART_MspInit
                0x0000000008000e38      0x17c Core/Src/stm32l4xx_hal_msp.o
                0x0000000008000e38                HAL_UART_MspInit
 .text.NMI_Handler
                0x0000000008000fb4        0x6 Core/Src/stm32l4xx_it.o
                0x0000000008000fb4                NMI_Handler
 .text.HardFault_Handler
                0x0000000008000fba        0x6 Core/Src/stm32l4xx_it.o
                0x0000000008000fba                HardFault_Handler
 .text.MemManage_Handler
                0x0000000008000fc0        0x6 Core/Src/stm32l4xx_it.o
                0x0000000008000fc0                MemManage_Handler
 .text.BusFault_Handler
                0x0000000008000fc6        0x6 Core/Src/stm32l4xx_it.o
                0x0000000008000fc6                BusFault_Handler
 .text.UsageFault_Handler
                0x0000000008000fcc        0x6 Core/Src/stm32l4xx_it.o
                0x0000000008000fcc                UsageFault_Handler
 .text.SVC_Handler
                0x0000000008000fd2        0xe Core/Src/stm32l4xx_it.o
                0x0000000008000fd2                SVC_Handler
 .text.DebugMon_Handler
                0x0000000008000fe0        0xe Core/Src/stm32l4xx_it.o
                0x0000000008000fe0                DebugMon_Handler
 .text.PendSV_Handler
                0x0000000008000fee        0xe Core/Src/stm32l4xx_it.o
                0x0000000008000fee                PendSV_Handler
 .text.SysTick_Handler
                0x0000000008000ffc        0xc Core/Src/stm32l4xx_it.o
                0x0000000008000ffc                SysTick_Handler
 .text.USART1_IRQHandler
                0x0000000008001008       0x14 Core/Src/stm32l4xx_it.o
                0x0000000008001008                USART1_IRQHandler
 .text.USART2_IRQHandler
                0x000000000800101c       0x14 Core/Src/stm32l4xx_it.o
                0x000000000800101c                USART2_IRQHandler
 .text.USART3_IRQHandler
                0x0000000008001030       0x14 Core/Src/stm32l4xx_it.o
                0x0000000008001030                USART3_IRQHandler
 .text.SystemInit
                0x0000000008001044       0x64 Core/Src/system_stm32l4xx.o
                0x0000000008001044                SystemInit
 .text.Reset_Handler
                0x00000000080010a8       0x50 Core/Startup/startup_stm32l476rgtx.o
                0x00000000080010a8                Reset_Handler
 .text.Default_Handler
                0x00000000080010f8        0x2 Core/Startup/startup_stm32l476rgtx.o
                0x00000000080010f8                RTC_Alarm_IRQHandler
                0x00000000080010f8                EXTI2_IRQHandler
                0x00000000080010f8                TIM8_TRG_COM_IRQHandler
                0x00000000080010f8                TIM8_CC_IRQHandler
                0x00000000080010f8                TIM1_CC_IRQHandler
                0x00000000080010f8                TSC_IRQHandler
                0x00000000080010f8                TAMP_STAMP_IRQHandler
                0x00000000080010f8                EXTI3_IRQHandler
                0x00000000080010f8                LPTIM2_IRQHandler
                0x00000000080010f8                DFSDM1_FLT1_IRQHandler
                0x00000000080010f8                I2C3_ER_IRQHandler
                0x00000000080010f8                DFSDM1_FLT2_IRQHandler
                0x00000000080010f8                EXTI0_IRQHandler
                0x00000000080010f8                I2C2_EV_IRQHandler
                0x00000000080010f8                CAN1_RX0_IRQHandler
                0x00000000080010f8                FPU_IRQHandler
                0x00000000080010f8                TIM1_UP_TIM16_IRQHandler
                0x00000000080010f8                ADC1_2_IRQHandler
                0x00000000080010f8                SPI1_IRQHandler
                0x00000000080010f8                TIM6_DAC_IRQHandler
                0x00000000080010f8                TIM8_UP_IRQHandler
                0x00000000080010f8                DMA2_Channel2_IRQHandler
                0x00000000080010f8                DMA1_Channel4_IRQHandler
                0x00000000080010f8                SAI2_IRQHandler
                0x00000000080010f8                DFSDM1_FLT3_IRQHandler
                0x00000000080010f8                DMA1_Channel7_IRQHandler
                0x00000000080010f8                CAN1_RX1_IRQHandler
                0x00000000080010f8                LCD_IRQHandler
                0x00000000080010f8                UART5_IRQHandler
                0x00000000080010f8                ADC3_IRQHandler
                0x00000000080010f8                TIM4_IRQHandler
                0x00000000080010f8                DMA2_Channel1_IRQHandler
                0x00000000080010f8                QUADSPI_IRQHandler
                0x00000000080010f8                I2C1_EV_IRQHandler
                0x00000000080010f8                DMA1_Channel6_IRQHandler
                0x00000000080010f8                UART4_IRQHandler
                0x00000000080010f8                DMA2_Channel4_IRQHandler
                0x00000000080010f8                TIM3_IRQHandler
                0x00000000080010f8                RCC_IRQHandler
                0x00000000080010f8                DMA1_Channel1_IRQHandler
                0x00000000080010f8                Default_Handler
                0x00000000080010f8                DMA2_Channel7_IRQHandler
                0x00000000080010f8                EXTI15_10_IRQHandler
                0x00000000080010f8                TIM7_IRQHandler
                0x00000000080010f8                SDMMC1_IRQHandler
                0x00000000080010f8                TIM5_IRQHandler
                0x00000000080010f8                I2C3_EV_IRQHandler
                0x00000000080010f8                EXTI9_5_IRQHandler
                0x00000000080010f8                RTC_WKUP_IRQHandler
                0x00000000080010f8                PVD_PVM_IRQHandler
                0x00000000080010f8                SPI2_IRQHandler
                0x00000000080010f8                CAN1_TX_IRQHandler
                0x00000000080010f8                DMA2_Channel5_IRQHandler
                0x00000000080010f8                DMA1_Channel5_IRQHandler
                0x00000000080010f8                EXTI4_IRQHandler
                0x00000000080010f8                RNG_IRQHandler
                0x00000000080010f8                TIM1_TRG_COM_TIM17_IRQHandler
                0x00000000080010f8                DMA1_Channel3_IRQHandler
                0x00000000080010f8                COMP_IRQHandler
                0x00000000080010f8                WWDG_IRQHandler
                0x00000000080010f8                LPUART1_IRQHandler
                0x00000000080010f8                DMA2_Channel6_IRQHandler
                0x00000000080010f8                TIM2_IRQHandler
                0x00000000080010f8                EXTI1_IRQHandler
                0x00000000080010f8                DFSDM1_FLT0_IRQHandler
                0x00000000080010f8                I2C2_ER_IRQHandler
                0x00000000080010f8                DMA1_Channel2_IRQHandler
                0x00000000080010f8                TIM8_BRK_IRQHandler
                0x00000000080010f8                CAN1_SCE_IRQHandler
                0x00000000080010f8                FLASH_IRQHandler
                0x00000000080010f8                OTG_FS_IRQHandler
                0x00000000080010f8                SPI3_IRQHandler
                0x00000000080010f8                I2C1_ER_IRQHandler
                0x00000000080010f8                FMC_IRQHandler
                0x00000000080010f8                SWPMI1_IRQHandler
                0x00000000080010f8                LPTIM1_IRQHandler
                0x00000000080010f8                SAI1_IRQHandler
                0x00000000080010f8                DMA2_Channel3_IRQHandler
                0x00000000080010f8                TIM1_BRK_TIM15_IRQHandler
 *fill*         0x00000000080010fa        0x2 
 .text.HAL_Init
                0x00000000080010fc       0x40 Drivers/STM32L4xx_HAL_Driver/Src/stm32l4xx_hal.o
                0x00000000080010fc                HAL_Init
 .text.HAL_InitTick
                0x000000000800113c       0x78 Drivers/STM32L4xx_HAL_Driver/Src/stm32l4xx_hal.o
                0x000000000800113c                HAL_InitTick
 .text.HAL_IncTick
                0x00000000080011b4       0x28 Drivers/STM32L4xx_HAL_Driver/Src/stm32l4xx_hal.o
                0x00000000080011b4                HAL_IncTick
 .text.HAL_GetTick
                0x00000000080011dc       0x18 Drivers/STM32L4xx_HAL_Driver/Src/stm32l4xx_hal.o
                0x00000000080011dc                HAL_GetTick
 .text.HAL_Delay
                0x00000000080011f4       0x48 Drivers/STM32L4xx_HAL_Driver/Src/stm32l4xx_hal.o
                0x00000000080011f4                HAL_Delay
 .text.__NVIC_SetPriorityGrouping
                0x000000000800123c       0x48 Drivers/STM32L4xx_HAL_Driver/Src/stm32l4xx_hal_cortex.o
 .text.__NVIC_GetPriorityGrouping
                0x0000000008001284       0x1c Drivers/STM32L4xx_HAL_Driver/Src/stm32l4xx_hal_cortex.o
 .text.__NVIC_EnableIRQ
                0x00000000080012a0       0x3c Drivers/STM32L4xx_HAL_Driver/Src/stm32l4xx_hal_cortex.o
 .text.__NVIC_SetPriority
                0x00000000080012dc       0x54 Drivers/STM32L4xx_HAL_Driver/Src/stm32l4xx_hal_cortex.o
 .text.NVIC_EncodePriority
                0x0000000008001330       0x66 Drivers/STM32L4xx_HAL_Driver/Src/stm32l4xx_hal_cortex.o
 *fill*         0x0000000008001396        0x2 
 .text.SysTick_Config
                0x0000000008001398       0x44 Drivers/STM32L4xx_HAL_Driver/Src/stm32l4xx_hal_cortex.o
 .text.HAL_NVIC_SetPriorityGrouping
                0x00000000080013dc       0x16 Drivers/STM32L4xx_HAL_Driver/Src/stm32l4xx_hal_cortex.o
                0x00000000080013dc                HAL_NVIC_SetPriorityGrouping
 .text.HAL_NVIC_SetPriority
                0x00000000080013f2       0x38 Drivers/STM32L4xx_HAL_Driver/Src/stm32l4xx_hal_cortex.o
                0x00000000080013f2                HAL_NVIC_SetPriority
 .text.HAL_NVIC_EnableIRQ
                0x000000000800142a       0x1c Drivers/STM32L4xx_HAL_Driver/Src/stm32l4xx_hal_cortex.o
                0x000000000800142a                HAL_NVIC_EnableIRQ
 .text.HAL_SYSTICK_Config
                0x0000000008001446       0x18 Drivers/STM32L4xx_HAL_Driver/Src/stm32l4xx_hal_cortex.o
                0x0000000008001446                HAL_SYSTICK_Config
 *fill*         0x000000000800145e        0x2 
 .text.HAL_GPIO_Init
                0x0000000008001460      0x354 Drivers/STM32L4xx_HAL_Driver/Src/stm32l4xx_hal_gpio.o
                0x0000000008001460                HAL_GPIO_Init
 .text.HAL_GPIO_WritePin
                0x00000000080017b4       0x30 Drivers/STM32L4xx_HAL_Driver/Src/stm32l4xx_hal_gpio.o
                0x00000000080017b4                HAL_GPIO_WritePin
 .text.HAL_PWREx_GetVoltageRange
                0x00000000080017e4       0x1c Drivers/STM32L4xx_HAL_Driver/Src/stm32l4xx_hal_pwr_ex.o
                0x00000000080017e4                HAL_PWREx_GetVoltageRange
 .text.HAL_PWREx_ControlVoltageScaling
                0x0000000008001800       0xac Drivers/STM32L4xx_HAL_Driver/Src/stm32l4xx_hal_pwr_ex.o
                0x0000000008001800                HAL_PWREx_ControlVoltageScaling
 .text.HAL_RCC_OscConfig
                0x00000000080018ac      0x7cc Drivers/STM32L4xx_HAL_Driver/Src/stm32l4xx_hal_rcc.o
                0x00000000080018ac                HAL_RCC_OscConfig
 .text.HAL_RCC_ClockConfig
                0x0000000008002078      0x1c4 Drivers/STM32L4xx_HAL_Driver/Src/stm32l4xx_hal_rcc.o
                0x0000000008002078                HAL_RCC_ClockConfig
 .text.HAL_RCC_GetSysClockFreq
                0x000000000800223c      0x118 Drivers/STM32L4xx_HAL_Driver/Src/stm32l4xx_hal_rcc.o
                0x000000000800223c                HAL_RCC_GetSysClockFreq
 .text.HAL_RCC_GetHCLKFreq
                0x0000000008002354       0x18 Drivers/STM32L4xx_HAL_Driver/Src/stm32l4xx_hal_rcc.o
                0x0000000008002354                HAL_RCC_GetHCLKFreq
 .text.HAL_RCC_GetPCLK1Freq
                0x000000000800236c       0x2c Drivers/STM32L4xx_HAL_Driver/Src/stm32l4xx_hal_rcc.o
                0x000000000800236c                HAL_RCC_GetPCLK1Freq
 .text.HAL_RCC_GetPCLK2Freq
                0x0000000008002398       0x2c Drivers/STM32L4xx_HAL_Driver/Src/stm32l4xx_hal_rcc.o
                0x0000000008002398                HAL_RCC_GetPCLK2Freq
 .text.RCC_SetFlashLatencyFromMSIRange
                0x00000000080023c4       0xc0 Drivers/STM32L4xx_HAL_Driver/Src/stm32l4xx_hal_rcc.o
 .text.HAL_RCCEx_PeriphCLKConfig
                0x0000000008002484      0x5d4 Drivers/STM32L4xx_HAL_Driver/Src/stm32l4xx_hal_rcc_ex.o
                0x0000000008002484                HAL_RCCEx_PeriphCLKConfig
 .text.RCCEx_PLLSAI1_Config
                0x0000000008002a58      0x1e8 Drivers/STM32L4xx_HAL_Driver/Src/stm32l4xx_hal_rcc_ex.o
 .text.RCCEx_PLLSAI2_Config
                0x0000000008002c40      0x1bc Drivers/STM32L4xx_HAL_Driver/Src/stm32l4xx_hal_rcc_ex.o
 .text.HAL_UART_Init
                0x0000000008002dfc       0x9c Drivers/STM32L4xx_HAL_Driver/Src/stm32l4xx_hal_uart.o
                0x0000000008002dfc                HAL_UART_Init
 .text.UART_SetConfig
                0x0000000008002e98      0x514 Drivers/STM32L4xx_HAL_Driver/Src/stm32l4xx_hal_uart.o
                0x0000000008002e98                UART_SetConfig
 .text.UART_AdvFeatureConfig
                0x00000000080033ac      0x144 Drivers/STM32L4xx_HAL_Driver/Src/stm32l4xx_hal_uart.o
                0x00000000080033ac                UART_AdvFeatureConfig
 .text.UART_CheckIdleState
                0x00000000080034f0       0x92 Drivers/STM32L4xx_HAL_Driver/Src/stm32l4xx_hal_uart.o
                0x00000000080034f0                UART_CheckIdleState
 .text.UART_WaitOnFlagUntilTimeout
                0x0000000008003582       0xf8 Drivers/STM32L4xx_HAL_Driver/Src/stm32l4xx_hal_uart.o
                0x0000000008003582                UART_WaitOnFlagUntilTimeout
 *fill*         0x000000000800367a        0x2 
 .text.__libc_init_array
                0x000000000800367c       0x48 c:/users/hp2021/onedrive/documents/asi/asi work folder long tran/stm32cubeide_1.6.1/stm32cubeide/plugins/com.st.stm32cube.ide.mcu.externaltools.gnu-tools-for-stm32.9-2020-q2-update.win32_1.5.0.202011040924/tools/bin/../lib/gcc/arm-none-eabi/9.3.1/../../../../arm-none-eabi/lib/thumb/v7e-m+fp/hard\libc_nano.a(lib_a-init.o)
                0x000000000800367c                __libc_init_array
 .text.memset   0x00000000080036c4       0x10 c:/users/hp2021/onedrive/documents/asi/asi work folder long tran/stm32cubeide_1.6.1/stm32cubeide/plugins/com.st.stm32cube.ide.mcu.externaltools.gnu-tools-for-stm32.9-2020-q2-update.win32_1.5.0.202011040924/tools/bin/../lib/gcc/arm-none-eabi/9.3.1/../../../../arm-none-eabi/lib/thumb/v7e-m+fp/hard\libc_nano.a(lib_a-memset.o)
                0x00000000080036c4                memset
 *(.glue_7)
 .glue_7        0x00000000080036d4        0x0 linker stubs
 *(.glue_7t)
 .glue_7t       0x00000000080036d4        0x0 linker stubs
 *(.eh_frame)
 .eh_frame      0x00000000080036d4        0x0 c:/users/hp2021/onedrive/documents/asi/asi work folder long tran/stm32cubeide_1.6.1/stm32cubeide/plugins/com.st.stm32cube.ide.mcu.externaltools.gnu-tools-for-stm32.9-2020-q2-update.win32_1.5.0.202011040924/tools/bin/../lib/gcc/arm-none-eabi/9.3.1/thumb/v7e-m+fp/hard/crtbegin.o
 *(.init)
 .init          0x00000000080036d4        0x4 c:/users/hp2021/onedrive/documents/asi/asi work folder long tran/stm32cubeide_1.6.1/stm32cubeide/plugins/com.st.stm32cube.ide.mcu.externaltools.gnu-tools-for-stm32.9-2020-q2-update.win32_1.5.0.202011040924/tools/bin/../lib/gcc/arm-none-eabi/9.3.1/thumb/v7e-m+fp/hard/crti.o
                0x00000000080036d4                _init
 .init          0x00000000080036d8        0x8 c:/users/hp2021/onedrive/documents/asi/asi work folder long tran/stm32cubeide_1.6.1/stm32cubeide/plugins/com.st.stm32cube.ide.mcu.externaltools.gnu-tools-for-stm32.9-2020-q2-update.win32_1.5.0.202011040924/tools/bin/../lib/gcc/arm-none-eabi/9.3.1/thumb/v7e-m+fp/hard/crtn.o
 *(.fini)
 .fini          0x00000000080036e0        0x4 c:/users/hp2021/onedrive/documents/asi/asi work folder long tran/stm32cubeide_1.6.1/stm32cubeide/plugins/com.st.stm32cube.ide.mcu.externaltools.gnu-tools-for-stm32.9-2020-q2-update.win32_1.5.0.202011040924/tools/bin/../lib/gcc/arm-none-eabi/9.3.1/thumb/v7e-m+fp/hard/crti.o
                0x00000000080036e0                _fini
 .fini          0x00000000080036e4        0x8 c:/users/hp2021/onedrive/documents/asi/asi work folder long tran/stm32cubeide_1.6.1/stm32cubeide/plugins/com.st.stm32cube.ide.mcu.externaltools.gnu-tools-for-stm32.9-2020-q2-update.win32_1.5.0.202011040924/tools/bin/../lib/gcc/arm-none-eabi/9.3.1/thumb/v7e-m+fp/hard/crtn.o
                0x00000000080036ec                . = ALIGN (0x4)
                0x00000000080036ec                _etext = .

.vfp11_veneer   0x00000000080036ec        0x0
 .vfp11_veneer  0x00000000080036ec        0x0 linker stubs

.v4_bx          0x00000000080036ec        0x0
 .v4_bx         0x00000000080036ec        0x0 linker stubs

.iplt           0x00000000080036ec        0x0
 .iplt          0x00000000080036ec        0x0 c:/users/hp2021/onedrive/documents/asi/asi work folder long tran/stm32cubeide_1.6.1/stm32cubeide/plugins/com.st.stm32cube.ide.mcu.externaltools.gnu-tools-for-stm32.9-2020-q2-update.win32_1.5.0.202011040924/tools/bin/../lib/gcc/arm-none-eabi/9.3.1/thumb/v7e-m+fp/hard/crtbegin.o

.rodata         0x00000000080036ec      0x1f0
                0x00000000080036ec                . = ALIGN (0x4)
 *(.rodata)
 .rodata        0x00000000080036ec      0x170 Core/Src/API/api_camera.o
 .rodata        0x000000000800385c       0x35 Core/Src/Device_Drivers/uart.o
 *(.rodata*)
 *fill*         0x0000000008003891        0x3 
 .rodata.AHBPrescTable
                0x0000000008003894       0x10 Core/Src/system_stm32l4xx.o
                0x0000000008003894                AHBPrescTable
 .rodata.APBPrescTable
                0x00000000080038a4        0x8 Core/Src/system_stm32l4xx.o
                0x00000000080038a4                APBPrescTable
 .rodata.MSIRangeTable
                0x00000000080038ac       0x30 Core/Src/system_stm32l4xx.o
                0x00000000080038ac                MSIRangeTable
                0x00000000080038dc                . = ALIGN (0x4)

.ARM.extab      0x00000000080038dc        0x0
                0x00000000080038dc                . = ALIGN (0x4)
 *(.ARM.extab* .gnu.linkonce.armextab.*)
                0x00000000080038dc                . = ALIGN (0x4)

.ARM            0x00000000080038dc        0x8
                0x00000000080038dc                . = ALIGN (0x4)
                0x00000000080038dc                __exidx_start = .
 *(.ARM.exidx*)
 .ARM.exidx     0x00000000080038dc        0x8 c:/users/hp2021/onedrive/documents/asi/asi work folder long tran/stm32cubeide_1.6.1/stm32cubeide/plugins/com.st.stm32cube.ide.mcu.externaltools.gnu-tools-for-stm32.9-2020-q2-update.win32_1.5.0.202011040924/tools/bin/../lib/gcc/arm-none-eabi/9.3.1/thumb/v7e-m+fp/hard\libgcc.a(_udivmoddi4.o)
                0x00000000080038e4                __exidx_end = .
                0x00000000080038e4                . = ALIGN (0x4)

.rel.dyn        0x00000000080038e4        0x0
 .rel.iplt      0x00000000080038e4        0x0 c:/users/hp2021/onedrive/documents/asi/asi work folder long tran/stm32cubeide_1.6.1/stm32cubeide/plugins/com.st.stm32cube.ide.mcu.externaltools.gnu-tools-for-stm32.9-2020-q2-update.win32_1.5.0.202011040924/tools/bin/../lib/gcc/arm-none-eabi/9.3.1/thumb/v7e-m+fp/hard/crtbegin.o

.preinit_array  0x00000000080038e4        0x0
                0x00000000080038e4                . = ALIGN (0x4)
                0x00000000080038e4                PROVIDE (__preinit_array_start = .)
 *(.preinit_array*)
                0x00000000080038e4                PROVIDE (__preinit_array_end = .)
                0x00000000080038e4                . = ALIGN (0x4)

.init_array     0x00000000080038e4        0x4
                0x00000000080038e4                . = ALIGN (0x4)
                0x00000000080038e4                PROVIDE (__init_array_start = .)
 *(SORT_BY_NAME(.init_array.*))
 *(.init_array*)
 .init_array    0x00000000080038e4        0x4 c:/users/hp2021/onedrive/documents/asi/asi work folder long tran/stm32cubeide_1.6.1/stm32cubeide/plugins/com.st.stm32cube.ide.mcu.externaltools.gnu-tools-for-stm32.9-2020-q2-update.win32_1.5.0.202011040924/tools/bin/../lib/gcc/arm-none-eabi/9.3.1/thumb/v7e-m+fp/hard/crtbegin.o
                0x00000000080038e8                PROVIDE (__init_array_end = .)
                0x00000000080038e8                . = ALIGN (0x4)

.fini_array     0x00000000080038e8        0x4
                0x00000000080038e8                . = ALIGN (0x4)
                [!provide]                        PROVIDE (__fini_array_start = .)
 *(SORT_BY_NAME(.fini_array.*))
 *(.fini_array*)
 .fini_array    0x00000000080038e8        0x4 c:/users/hp2021/onedrive/documents/asi/asi work folder long tran/stm32cubeide_1.6.1/stm32cubeide/plugins/com.st.stm32cube.ide.mcu.externaltools.gnu-tools-for-stm32.9-2020-q2-update.win32_1.5.0.202011040924/tools/bin/../lib/gcc/arm-none-eabi/9.3.1/thumb/v7e-m+fp/hard/crtbegin.o
                [!provide]                        PROVIDE (__fini_array_end = .)
                0x00000000080038ec                . = ALIGN (0x4)
                0x00000000080038ec                _sidata = LOADADDR (.data)

.data           0x0000000020000000       0x7c load address 0x00000000080038ec
                0x0000000020000000                . = ALIGN (0x4)
                0x0000000020000000                _sdata = .
 *(.data)
 *(.data*)
 .data.stopcap  0x0000000020000000        0x5 Core/Src/API/api_camera.o
 *fill*         0x0000000020000005        0x3 
 .data.imageres
                0x0000000020000008        0x5 Core/Src/API/api_camera.o
 *fill*         0x000000002000000d        0x3 
 .data.imagecomp
                0x0000000020000010        0x9 Core/Src/API/api_camera.o
 *fill*         0x0000000020000019        0x3 
 .data.imageget
                0x000000002000001c        0x5 Core/Src/API/api_camera.o
 *fill*         0x0000000020000021        0x3 
 .data.imagelen
                0x0000000020000024        0x5 Core/Src/API/api_camera.o
 *fill*         0x0000000020000029        0x3 
 .data.Resp_CAM_STOPCAP
                0x000000002000002c        0x5 Core/Src/API/api_camera.o
 *fill*         0x0000000020000031        0x3 
 .data.Resp_CAM_RESOLUTION
                0x0000000020000034        0x5 Core/Src/API/api_camera.o
 *fill*         0x0000000020000039        0x3 
 .data.Resp_CAM_COMPRESS
                0x000000002000003c        0x5 Core/Src/API/api_camera.o
 *fill*         0x0000000020000041        0x3 
 .data.Resp_CAM_IMAGEGET
                0x0000000020000044        0x5 Core/Src/API/api_camera.o
 *fill*         0x0000000020000049        0x3 
 .data.Resp_CAM_LENGTH
                0x000000002000004c        0x7 Core/Src/API/api_camera.o
 *fill*         0x0000000020000053        0x1 
 .data.Resp_CAM_DATASTART
                0x0000000020000054        0x2 Core/Src/API/api_camera.o
 *fill*         0x0000000020000056        0x2 
 .data.Resp_CAM_DATAEND
                0x0000000020000058        0x7 Core/Src/API/api_camera.o
 *fill*         0x000000002000005f        0x1 
 .data.imagedata
                0x0000000020000060       0x10 Core/Src/API/api_camera.o
                0x0000000020000060                imagedata
 .data.SystemCoreClock
                0x0000000020000070        0x4 Core/Src/system_stm32l4xx.o
                0x0000000020000070                SystemCoreClock
 .data.uwTickPrio
                0x0000000020000074        0x4 Drivers/STM32L4xx_HAL_Driver/Src/stm32l4xx_hal.o
                0x0000000020000074                uwTickPrio
 .data.uwTickFreq
                0x0000000020000078        0x1 Drivers/STM32L4xx_HAL_Driver/Src/stm32l4xx_hal.o
                0x0000000020000078                uwTickFreq
 *(.RamFunc)
 *(.RamFunc*)
                0x000000002000007c                . = ALIGN (0x4)
 *fill*         0x0000000020000079        0x3 
                0x000000002000007c                _edata = .

.igot.plt       0x000000002000007c        0x0 load address 0x0000000008003968
 .igot.plt      0x000000002000007c        0x0 c:/users/hp2021/onedrive/documents/asi/asi work folder long tran/stm32cubeide_1.6.1/stm32cubeide/plugins/com.st.stm32cube.ide.mcu.externaltools.gnu-tools-for-stm32.9-2020-q2-update.win32_1.5.0.202011040924/tools/bin/../lib/gcc/arm-none-eabi/9.3.1/thumb/v7e-m+fp/hard/crtbegin.o
                0x000000002000007c                . = ALIGN (0x4)

.bss            0x000000002000007c     0x25b8 load address 0x0000000008003968
                0x000000002000007c                _sbss = .
                0x000000002000007c                __bss_start__ = _sbss
 *(.bss)
 .bss           0x000000002000007c       0x1c c:/users/hp2021/onedrive/documents/asi/asi work folder long tran/stm32cubeide_1.6.1/stm32cubeide/plugins/com.st.stm32cube.ide.mcu.externaltools.gnu-tools-for-stm32.9-2020-q2-update.win32_1.5.0.202011040924/tools/bin/../lib/gcc/arm-none-eabi/9.3.1/thumb/v7e-m+fp/hard/crtbegin.o
 *(.bss*)
 *(COMMON)
 COMMON         0x0000000020000098     0x2404 Core/Src/API/api_camera.o
                0x0000000020000098                rx_idx
                0x000000002000009c                rx_buff
                0x0000000020000c9c                camera_buff
 COMMON         0x000000002000249c        0x8 Core/Src/Device_Drivers/uart.o
                0x000000002000249c                uart_t
 COMMON         0x00000000200024a4      0x18c Core/Src/main.o
                0x00000000200024a4                huart3
                0x0000000020002528                huart1
                0x00000000200025ac                huart2
 COMMON         0x0000000020002630        0x4 Drivers/STM32L4xx_HAL_Driver/Src/stm32l4xx_hal.o
                0x0000000020002630                uwTick
                0x0000000020002634                . = ALIGN (0x4)
                0x0000000020002634                _ebss = .
                0x0000000020002634                __bss_end__ = _ebss

._user_heap_stack
                0x0000000020002634      0x604 load address 0x0000000008003968
                0x0000000020002638                . = ALIGN (0x8)
 *fill*         0x0000000020002634        0x4 
                [!provide]                        PROVIDE (end = .)
                0x0000000020002638                PROVIDE (_end = .)
                0x0000000020002838                . = (. + _Min_Heap_Size)
 *fill*         0x0000000020002638      0x200 
                0x0000000020002c38                . = (. + _Min_Stack_Size)
 *fill*         0x0000000020002838      0x400 
                0x0000000020002c38                . = ALIGN (0x8)

/DISCARD/
 libc.a(*)
 libm.a(*)
 libgcc.a(*)

.ARM.attributes
                0x0000000000000000       0x30
 *(.ARM.attributes)
 .ARM.attributes
                0x0000000000000000       0x1e c:/users/hp2021/onedrive/documents/asi/asi work folder long tran/stm32cubeide_1.6.1/stm32cubeide/plugins/com.st.stm32cube.ide.mcu.externaltools.gnu-tools-for-stm32.9-2020-q2-update.win32_1.5.0.202011040924/tools/bin/../lib/gcc/arm-none-eabi/9.3.1/thumb/v7e-m+fp/hard/crti.o
 .ARM.attributes
                0x000000000000001e       0x34 c:/users/hp2021/onedrive/documents/asi/asi work folder long tran/stm32cubeide_1.6.1/stm32cubeide/plugins/com.st.stm32cube.ide.mcu.externaltools.gnu-tools-for-stm32.9-2020-q2-update.win32_1.5.0.202011040924/tools/bin/../lib/gcc/arm-none-eabi/9.3.1/thumb/v7e-m+fp/hard/crtbegin.o
 .ARM.attributes
                0x0000000000000052       0x34 Core/Src/API/api_camera.o
 .ARM.attributes
                0x0000000000000086       0x34 Core/Src/Device_Drivers/uart.o
 .ARM.attributes
                0x00000000000000ba       0x34 Core/Src/main.o
 .ARM.attributes
                0x00000000000000ee       0x34 Core/Src/stm32l4xx_hal_msp.o
 .ARM.attributes
                0x0000000000000122       0x34 Core/Src/stm32l4xx_it.o
 .ARM.attributes
                0x0000000000000156       0x34 Core/Src/system_stm32l4xx.o
 .ARM.attributes
                0x000000000000018a       0x21 Core/Startup/startup_stm32l476rgtx.o
 .ARM.attributes
                0x00000000000001ab       0x34 Drivers/STM32L4xx_HAL_Driver/Src/stm32l4xx_hal.o
 .ARM.attributes
                0x00000000000001df       0x34 Drivers/STM32L4xx_HAL_Driver/Src/stm32l4xx_hal_cortex.o
 .ARM.attributes
                0x0000000000000213       0x34 Drivers/STM32L4xx_HAL_Driver/Src/stm32l4xx_hal_gpio.o
 .ARM.attributes
                0x0000000000000247       0x34 Drivers/STM32L4xx_HAL_Driver/Src/stm32l4xx_hal_pwr_ex.o
 .ARM.attributes
                0x000000000000027b       0x34 Drivers/STM32L4xx_HAL_Driver/Src/stm32l4xx_hal_rcc.o
 .ARM.attributes
                0x00000000000002af       0x34 Drivers/STM32L4xx_HAL_Driver/Src/stm32l4xx_hal_rcc_ex.o
 .ARM.attributes
                0x00000000000002e3       0x34 Drivers/STM32L4xx_HAL_Driver/Src/stm32l4xx_hal_uart.o
 .ARM.attributes
                0x0000000000000317       0x34 c:/users/hp2021/onedrive/documents/asi/asi work folder long tran/stm32cubeide_1.6.1/stm32cubeide/plugins/com.st.stm32cube.ide.mcu.externaltools.gnu-tools-for-stm32.9-2020-q2-update.win32_1.5.0.202011040924/tools/bin/../lib/gcc/arm-none-eabi/9.3.1/../../../../arm-none-eabi/lib/thumb/v7e-m+fp/hard\libc_nano.a(lib_a-init.o)
 .ARM.attributes
                0x000000000000034b       0x34 c:/users/hp2021/onedrive/documents/asi/asi work folder long tran/stm32cubeide_1.6.1/stm32cubeide/plugins/com.st.stm32cube.ide.mcu.externaltools.gnu-tools-for-stm32.9-2020-q2-update.win32_1.5.0.202011040924/tools/bin/../lib/gcc/arm-none-eabi/9.3.1/../../../../arm-none-eabi/lib/thumb/v7e-m+fp/hard\libc_nano.a(lib_a-memset.o)
 .ARM.attributes
                0x000000000000037f       0x17 c:/users/hp2021/onedrive/documents/asi/asi work folder long tran/stm32cubeide_1.6.1/stm32cubeide/plugins/com.st.stm32cube.ide.mcu.externaltools.gnu-tools-for-stm32.9-2020-q2-update.win32_1.5.0.202011040924/tools/bin/../lib/gcc/arm-none-eabi/9.3.1/../../../../arm-none-eabi/lib/thumb/v7e-m+fp/hard\libc_nano.a(lib_a-strlen.o)
 .ARM.attributes
                0x0000000000000396       0x1e c:/users/hp2021/onedrive/documents/asi/asi work folder long tran/stm32cubeide_1.6.1/stm32cubeide/plugins/com.st.stm32cube.ide.mcu.externaltools.gnu-tools-for-stm32.9-2020-q2-update.win32_1.5.0.202011040924/tools/bin/../lib/gcc/arm-none-eabi/9.3.1/thumb/v7e-m+fp/hard\libgcc.a(_aeabi_uldivmod.o)
 .ARM.attributes
                0x00000000000003b4       0x34 c:/users/hp2021/onedrive/documents/asi/asi work folder long tran/stm32cubeide_1.6.1/stm32cubeide/plugins/com.st.stm32cube.ide.mcu.externaltools.gnu-tools-for-stm32.9-2020-q2-update.win32_1.5.0.202011040924/tools/bin/../lib/gcc/arm-none-eabi/9.3.1/thumb/v7e-m+fp/hard\libgcc.a(_udivmoddi4.o)
 .ARM.attributes
                0x00000000000003e8       0x1e c:/users/hp2021/onedrive/documents/asi/asi work folder long tran/stm32cubeide_1.6.1/stm32cubeide/plugins/com.st.stm32cube.ide.mcu.externaltools.gnu-tools-for-stm32.9-2020-q2-update.win32_1.5.0.202011040924/tools/bin/../lib/gcc/arm-none-eabi/9.3.1/thumb/v7e-m+fp/hard\libgcc.a(_dvmd_tls.o)
 .ARM.attributes
                0x0000000000000406       0x1e c:/users/hp2021/onedrive/documents/asi/asi work folder long tran/stm32cubeide_1.6.1/stm32cubeide/plugins/com.st.stm32cube.ide.mcu.externaltools.gnu-tools-for-stm32.9-2020-q2-update.win32_1.5.0.202011040924/tools/bin/../lib/gcc/arm-none-eabi/9.3.1/thumb/v7e-m+fp/hard/crtn.o
OUTPUT(EcoSense_0.0.1.elf elf32-littlearm)
LOAD linker stubs
LOAD c:/users/hp2021/onedrive/documents/asi/asi work folder long tran/stm32cubeide_1.6.1/stm32cubeide/plugins/com.st.stm32cube.ide.mcu.externaltools.gnu-tools-for-stm32.9-2020-q2-update.win32_1.5.0.202011040924/tools/bin/../lib/gcc/arm-none-eabi/9.3.1/../../../../arm-none-eabi/lib/thumb/v7e-m+fp/hard\libc.a
LOAD c:/users/hp2021/onedrive/documents/asi/asi work folder long tran/stm32cubeide_1.6.1/stm32cubeide/plugins/com.st.stm32cube.ide.mcu.externaltools.gnu-tools-for-stm32.9-2020-q2-update.win32_1.5.0.202011040924/tools/bin/../lib/gcc/arm-none-eabi/9.3.1/../../../../arm-none-eabi/lib/thumb/v7e-m+fp/hard\libm.a
LOAD c:/users/hp2021/onedrive/documents/asi/asi work folder long tran/stm32cubeide_1.6.1/stm32cubeide/plugins/com.st.stm32cube.ide.mcu.externaltools.gnu-tools-for-stm32.9-2020-q2-update.win32_1.5.0.202011040924/tools/bin/../lib/gcc/arm-none-eabi/9.3.1/thumb/v7e-m+fp/hard\libgcc.a

.debug_info     0x0000000000000000     0xb67d
 .debug_info    0x0000000000000000      0x51f Core/Src/API/api_camera.o
 .debug_info    0x000000000000051f      0xeb5 Core/Src/Device_Drivers/uart.o
 .debug_info    0x00000000000013d4     0x14fb Core/Src/main.o
 .debug_info    0x00000000000028cf      0xf2a Core/Src/stm32l4xx_hal_msp.o
 .debug_info    0x00000000000037f9      0x99a Core/Src/stm32l4xx_it.o
 .debug_info    0x0000000000004193      0x779 Core/Src/system_stm32l4xx.o
 .debug_info    0x000000000000490c       0x22 Core/Startup/startup_stm32l476rgtx.o
 .debug_info    0x000000000000492e      0xddb Drivers/STM32L4xx_HAL_Driver/Src/stm32l4xx_hal.o
 .debug_info    0x0000000000005709     0x102e Drivers/STM32L4xx_HAL_Driver/Src/stm32l4xx_hal_cortex.o
 .debug_info    0x0000000000006737      0xa5f Drivers/STM32L4xx_HAL_Driver/Src/stm32l4xx_hal_gpio.o
 .debug_info    0x0000000000007196      0xbda Drivers/STM32L4xx_HAL_Driver/Src/stm32l4xx_hal_pwr_ex.o
 .debug_info    0x0000000000007d70      0xe0b Drivers/STM32L4xx_HAL_Driver/Src/stm32l4xx_hal_rcc.o
 .debug_info    0x0000000000008b7b     0x103f Drivers/STM32L4xx_HAL_Driver/Src/stm32l4xx_hal_rcc_ex.o
 .debug_info    0x0000000000009bba     0x1ac3 Drivers/STM32L4xx_HAL_Driver/Src/stm32l4xx_hal_uart.o

.debug_abbrev   0x0000000000000000     0x1b62
 .debug_abbrev  0x0000000000000000      0x14e Core/Src/API/api_camera.o
 .debug_abbrev  0x000000000000014e      0x2b8 Core/Src/Device_Drivers/uart.o
 .debug_abbrev  0x0000000000000406      0x257 Core/Src/main.o
 .debug_abbrev  0x000000000000065d      0x1b5 Core/Src/stm32l4xx_hal_msp.o
 .debug_abbrev  0x0000000000000812      0x17f Core/Src/stm32l4xx_it.o
 .debug_abbrev  0x0000000000000991      0x165 Core/Src/system_stm32l4xx.o
 .debug_abbrev  0x0000000000000af6       0x12 Core/Startup/startup_stm32l476rgtx.o
 .debug_abbrev  0x0000000000000b08      0x227 Drivers/STM32L4xx_HAL_Driver/Src/stm32l4xx_hal.o
 .debug_abbrev  0x0000000000000d2f      0x33c Drivers/STM32L4xx_HAL_Driver/Src/stm32l4xx_hal_cortex.o
 .debug_abbrev  0x000000000000106b      0x1e8 Drivers/STM32L4xx_HAL_Driver/Src/stm32l4xx_hal_gpio.o
 .debug_abbrev  0x0000000000001253      0x1f3 Drivers/STM32L4xx_HAL_Driver/Src/stm32l4xx_hal_pwr_ex.o
 .debug_abbrev  0x0000000000001446      0x275 Drivers/STM32L4xx_HAL_Driver/Src/stm32l4xx_hal_rcc.o
 .debug_abbrev  0x00000000000016bb      0x268 Drivers/STM32L4xx_HAL_Driver/Src/stm32l4xx_hal_rcc_ex.o
 .debug_abbrev  0x0000000000001923      0x23f Drivers/STM32L4xx_HAL_Driver/Src/stm32l4xx_hal_uart.o

.debug_aranges  0x0000000000000000      0x950
 .debug_aranges
                0x0000000000000000       0x50 Core/Src/API/api_camera.o
 .debug_aranges
                0x0000000000000050       0x58 Core/Src/Device_Drivers/uart.o
 .debug_aranges
                0x00000000000000a8       0x50 Core/Src/main.o
 .debug_aranges
                0x00000000000000f8       0x30 Core/Src/stm32l4xx_hal_msp.o
 .debug_aranges
                0x0000000000000128       0x78 Core/Src/stm32l4xx_it.o
 .debug_aranges
                0x00000000000001a0       0x28 Core/Src/system_stm32l4xx.o
 .debug_aranges
                0x00000000000001c8       0x28 Core/Startup/startup_stm32l476rgtx.o
 .debug_aranges
                0x00000000000001f0      0x130 Drivers/STM32L4xx_HAL_Driver/Src/stm32l4xx_hal.o
 .debug_aranges
                0x0000000000000320      0x118 Drivers/STM32L4xx_HAL_Driver/Src/stm32l4xx_hal_cortex.o
 .debug_aranges
                0x0000000000000438       0x58 Drivers/STM32L4xx_HAL_Driver/Src/stm32l4xx_hal_gpio.o
 .debug_aranges
                0x0000000000000490      0x150 Drivers/STM32L4xx_HAL_Driver/Src/stm32l4xx_hal_pwr_ex.o
 .debug_aranges
                0x00000000000005e0       0x88 Drivers/STM32L4xx_HAL_Driver/Src/stm32l4xx_hal_rcc.o
 .debug_aranges
                0x0000000000000668       0xc0 Drivers/STM32L4xx_HAL_Driver/Src/stm32l4xx_hal_rcc_ex.o
 .debug_aranges
                0x0000000000000728      0x228 Drivers/STM32L4xx_HAL_Driver/Src/stm32l4xx_hal_uart.o

.debug_ranges   0x0000000000000000      0x8a8
 .debug_ranges  0x0000000000000000       0x40 Core/Src/API/api_camera.o
 .debug_ranges  0x0000000000000040       0x48 Core/Src/Device_Drivers/uart.o
 .debug_ranges  0x0000000000000088       0x40 Core/Src/main.o
 .debug_ranges  0x00000000000000c8       0x20 Core/Src/stm32l4xx_hal_msp.o
 .debug_ranges  0x00000000000000e8       0x68 Core/Src/stm32l4xx_it.o
 .debug_ranges  0x0000000000000150       0x18 Core/Src/system_stm32l4xx.o
 .debug_ranges  0x0000000000000168       0x20 Core/Startup/startup_stm32l476rgtx.o
 .debug_ranges  0x0000000000000188      0x120 Drivers/STM32L4xx_HAL_Driver/Src/stm32l4xx_hal.o
 .debug_ranges  0x00000000000002a8      0x108 Drivers/STM32L4xx_HAL_Driver/Src/stm32l4xx_hal_cortex.o
 .debug_ranges  0x00000000000003b0       0x48 Drivers/STM32L4xx_HAL_Driver/Src/stm32l4xx_hal_gpio.o
 .debug_ranges  0x00000000000003f8      0x140 Drivers/STM32L4xx_HAL_Driver/Src/stm32l4xx_hal_pwr_ex.o
 .debug_ranges  0x0000000000000538       0x78 Drivers/STM32L4xx_HAL_Driver/Src/stm32l4xx_hal_rcc.o
 .debug_ranges  0x00000000000005b0       0xb0 Drivers/STM32L4xx_HAL_Driver/Src/stm32l4xx_hal_rcc_ex.o
 .debug_ranges  0x0000000000000660      0x248 Drivers/STM32L4xx_HAL_Driver/Src/stm32l4xx_hal_uart.o

.debug_macro    0x0000000000000000    0x25310
 .debug_macro   0x0000000000000000       0xd5 Core/Src/API/api_camera.o
 .debug_macro   0x00000000000000d5      0xaa8 Core/Src/API/api_camera.o
 .debug_macro   0x0000000000000b7d       0x22 Core/Src/API/api_camera.o
 .debug_macro   0x0000000000000b9f       0x8e Core/Src/API/api_camera.o
 .debug_macro   0x0000000000000c2d       0x51 Core/Src/API/api_camera.o
 .debug_macro   0x0000000000000c7e      0x103 Core/Src/API/api_camera.o
 .debug_macro   0x0000000000000d81       0x6a Core/Src/API/api_camera.o
 .debug_macro   0x0000000000000deb      0x1df Core/Src/API/api_camera.o
 .debug_macro   0x0000000000000fca       0x28 Core/Src/API/api_camera.o
 .debug_macro   0x0000000000000ff2       0x1c Core/Src/API/api_camera.o
 .debug_macro   0x000000000000100e       0x22 Core/Src/API/api_camera.o
 .debug_macro   0x0000000000001030      0x101 Core/Src/API/api_camera.o
 .debug_macro   0x0000000000001131     0x1011 Core/Src/API/api_camera.o
 .debug_macro   0x0000000000002142      0x11f Core/Src/API/api_camera.o
 .debug_macro   0x0000000000002261    0x1a13d Core/Src/API/api_camera.o
 .debug_macro   0x000000000001c39e       0x46 Core/Src/API/api_camera.o
 .debug_macro   0x000000000001c3e4      0x29a Core/Src/Device_Drivers/uart.o
 .debug_macro   0x000000000001c67e       0x4c Core/Src/Device_Drivers/uart.o
 .debug_macro   0x000000000001c6ca       0x94 Core/Src/Device_Drivers/uart.o
 .debug_macro   0x000000000001c75e       0x57 Core/Src/Device_Drivers/uart.o
 .debug_macro   0x000000000001c7b5      0x1a7 Core/Src/Device_Drivers/uart.o
 .debug_macro   0x000000000001c95c       0x2e Core/Src/Device_Drivers/uart.o
 .debug_macro   0x000000000001c98a       0x43 Core/Src/Device_Drivers/uart.o
 .debug_macro   0x000000000001c9cd     0x3897 Core/Src/Device_Drivers/uart.o
 .debug_macro   0x0000000000020264       0x56 Core/Src/Device_Drivers/uart.o
 .debug_macro   0x00000000000202ba     0x155f Core/Src/Device_Drivers/uart.o
 .debug_macro   0x0000000000021819      0x59e Core/Src/Device_Drivers/uart.o
 .debug_macro   0x0000000000021db7      0x13d Core/Src/Device_Drivers/uart.o
 .debug_macro   0x0000000000021ef4      0x18b Core/Src/Device_Drivers/uart.o
 .debug_macro   0x000000000002207f      0x26b Core/Src/Device_Drivers/uart.o
 .debug_macro   0x00000000000222ea      0x23d Core/Src/Device_Drivers/uart.o
 .debug_macro   0x0000000000022527      0x241 Core/Src/Device_Drivers/uart.o
 .debug_macro   0x0000000000022768      0x37c Core/Src/Device_Drivers/uart.o
 .debug_macro   0x0000000000022ae4       0xd6 Core/Src/Device_Drivers/uart.o
 .debug_macro   0x0000000000022bba      0x22c Core/Src/Device_Drivers/uart.o
 .debug_macro   0x0000000000022de6       0x61 Core/Src/Device_Drivers/uart.o
 .debug_macro   0x0000000000022e47       0xa5 Core/Src/Device_Drivers/uart.o
 .debug_macro   0x0000000000022eec      0x122 Core/Src/Device_Drivers/uart.o
 .debug_macro   0x000000000002300e      0x3e9 Core/Src/Device_Drivers/uart.o
 .debug_macro   0x00000000000233f7      0x5ba Core/Src/Device_Drivers/uart.o
 .debug_macro   0x00000000000239b1       0x44 Core/Src/Device_Drivers/uart.o
 .debug_macro   0x00000000000239f5      0x331 Core/Src/Device_Drivers/uart.o
 .debug_macro   0x0000000000023d26      0x1fb Core/Src/main.o
 .debug_macro   0x0000000000023f21       0x5c Core/Src/main.o
 .debug_macro   0x0000000000023f7d       0x58 Core/Src/main.o
 .debug_macro   0x0000000000023fd5      0x1d4 Core/Src/stm32l4xx_hal_msp.o
 .debug_macro   0x00000000000241a9      0x1eb Core/Src/stm32l4xx_it.o
 .debug_macro   0x0000000000024394      0x1c5 Core/Src/system_stm32l4xx.o
 .debug_macro   0x0000000000024559      0x213 Drivers/STM32L4xx_HAL_Driver/Src/stm32l4xx_hal.o
 .debug_macro   0x000000000002476c      0x1c5 Drivers/STM32L4xx_HAL_Driver/Src/stm32l4xx_hal_cortex.o
 .debug_macro   0x0000000000024931      0x204 Drivers/STM32L4xx_HAL_Driver/Src/stm32l4xx_hal_gpio.o
 .debug_macro   0x0000000000024b35      0x1e9 Drivers/STM32L4xx_HAL_Driver/Src/stm32l4xx_hal_pwr_ex.o
 .debug_macro   0x0000000000024d1e      0x207 Drivers/STM32L4xx_HAL_Driver/Src/stm32l4xx_hal_rcc.o
 .debug_macro   0x0000000000024f25      0x1fb Drivers/STM32L4xx_HAL_Driver/Src/stm32l4xx_hal_rcc_ex.o
 .debug_macro   0x0000000000025120      0x1f0 Drivers/STM32L4xx_HAL_Driver/Src/stm32l4xx_hal_uart.o

.debug_line     0x0000000000000000     0xb372
 .debug_line    0x0000000000000000      0x78c Core/Src/API/api_camera.o
 .debug_line    0x000000000000078c      0xc07 Core/Src/Device_Drivers/uart.o
 .debug_line    0x0000000000001393      0xa15 Core/Src/main.o
 .debug_line    0x0000000000001da8      0x902 Core/Src/stm32l4xx_hal_msp.o
 .debug_line    0x00000000000026aa      0x95c Core/Src/stm32l4xx_it.o
 .debug_line    0x0000000000003006      0x8f8 Core/Src/system_stm32l4xx.o
 .debug_line    0x00000000000038fe       0x87 Core/Startup/startup_stm32l476rgtx.o
 .debug_line    0x0000000000003985      0xc38 Drivers/STM32L4xx_HAL_Driver/Src/stm32l4xx_hal.o
 .debug_line    0x00000000000045bd      0xdde Drivers/STM32L4xx_HAL_Driver/Src/stm32l4xx_hal_cortex.o
 .debug_line    0x000000000000539b      0xcb1 Drivers/STM32L4xx_HAL_Driver/Src/stm32l4xx_hal_gpio.o
 .debug_line    0x000000000000604c      0xdf3 Drivers/STM32L4xx_HAL_Driver/Src/stm32l4xx_hal_pwr_ex.o
 .debug_line    0x0000000000006e3f     0x107b Drivers/STM32L4xx_HAL_Driver/Src/stm32l4xx_hal_rcc.o
 .debug_line    0x0000000000007eba     0x15f0 Drivers/STM32L4xx_HAL_Driver/Src/stm32l4xx_hal_rcc_ex.o
 .debug_line    0x00000000000094aa     0x1ec8 Drivers/STM32L4xx_HAL_Driver/Src/stm32l4xx_hal_uart.o

.debug_str      0x0000000000000000    0xe8706
 .debug_str     0x0000000000000000    0x9e1b9 Core/Src/API/api_camera.o
                                      0x9e3a3 (size before relaxing)
 .debug_str     0x000000000009e1b9    0x472dc Core/Src/Device_Drivers/uart.o
                                      0xe566b (size before relaxing)
 .debug_str     0x00000000000e5495      0xbb4 Core/Src/main.o
                                      0xe30ca (size before relaxing)
 .debug_str     0x00000000000e6049      0x495 Core/Src/stm32l4xx_hal_msp.o
                                      0xe2e63 (size before relaxing)
 .debug_str     0x00000000000e64de       0xf3 Core/Src/stm32l4xx_it.o
                                      0xe2960 (size before relaxing)
 .debug_str     0x00000000000e65d1       0xb8 Core/Src/system_stm32l4xx.o
                                      0xe2483 (size before relaxing)
 .debug_str     0x00000000000e6689       0x36 Core/Startup/startup_stm32l476rgtx.o
                                         0x75 (size before relaxing)
 .debug_str     0x00000000000e66bf      0x627 Drivers/STM32L4xx_HAL_Driver/Src/stm32l4xx_hal.o
                                      0xe2fee (size before relaxing)
 .debug_str     0x00000000000e6ce6      0x389 Drivers/STM32L4xx_HAL_Driver/Src/stm32l4xx_hal_cortex.o
                                      0xe2cf2 (size before relaxing)
 .debug_str     0x00000000000e706f      0x236 Drivers/STM32L4xx_HAL_Driver/Src/stm32l4xx_hal_gpio.o
                                      0xe271d (size before relaxing)
 .debug_str     0x00000000000e72a5      0x4b4 Drivers/STM32L4xx_HAL_Driver/Src/stm32l4xx_hal_pwr_ex.o
                                      0xe29b9 (size before relaxing)
 .debug_str     0x00000000000e7759      0x34e Drivers/STM32L4xx_HAL_Driver/Src/stm32l4xx_hal_rcc.o
                                      0xe2a60 (size before relaxing)
 .debug_str     0x00000000000e7aa7      0x3a6 Drivers/STM32L4xx_HAL_Driver/Src/stm32l4xx_hal_rcc_ex.o
                                      0xe2bf1 (size before relaxing)
 .debug_str     0x00000000000e7e4d      0x8b9 Drivers/STM32L4xx_HAL_Driver/Src/stm32l4xx_hal_uart.o
                                      0xe30e2 (size before relaxing)

.comment        0x0000000000000000       0x53
 .comment       0x0000000000000000       0x53 Core/Src/API/api_camera.o
                                         0x54 (size before relaxing)
 .comment       0x0000000000000053       0x54 Core/Src/Device_Drivers/uart.o
 .comment       0x0000000000000053       0x54 Core/Src/main.o
 .comment       0x0000000000000053       0x54 Core/Src/stm32l4xx_hal_msp.o
 .comment       0x0000000000000053       0x54 Core/Src/stm32l4xx_it.o
 .comment       0x0000000000000053       0x54 Core/Src/system_stm32l4xx.o
 .comment       0x0000000000000053       0x54 Drivers/STM32L4xx_HAL_Driver/Src/stm32l4xx_hal.o
 .comment       0x0000000000000053       0x54 Drivers/STM32L4xx_HAL_Driver/Src/stm32l4xx_hal_cortex.o
 .comment       0x0000000000000053       0x54 Drivers/STM32L4xx_HAL_Driver/Src/stm32l4xx_hal_gpio.o
 .comment       0x0000000000000053       0x54 Drivers/STM32L4xx_HAL_Driver/Src/stm32l4xx_hal_pwr_ex.o
 .comment       0x0000000000000053       0x54 Drivers/STM32L4xx_HAL_Driver/Src/stm32l4xx_hal_rcc.o
 .comment       0x0000000000000053       0x54 Drivers/STM32L4xx_HAL_Driver/Src/stm32l4xx_hal_rcc_ex.o
 .comment       0x0000000000000053       0x54 Drivers/STM32L4xx_HAL_Driver/Src/stm32l4xx_hal_uart.o

.debug_frame    0x0000000000000000     0x247c
 .debug_frame   0x0000000000000000       0xe4 Core/Src/API/api_camera.o
 .debug_frame   0x00000000000000e4      0x144 Core/Src/Device_Drivers/uart.o
 .debug_frame   0x0000000000000228       0xe4 Core/Src/main.o
 .debug_frame   0x000000000000030c       0x80 Core/Src/stm32l4xx_hal_msp.o
 .debug_frame   0x000000000000038c      0x158 Core/Src/stm32l4xx_it.o
 .debug_frame   0x00000000000004e4       0x58 Core/Src/system_stm32l4xx.o
 .debug_frame   0x000000000000053c      0x498 Drivers/STM32L4xx_HAL_Driver/Src/stm32l4xx_hal.o
 .debug_frame   0x00000000000009d4      0x498 Drivers/STM32L4xx_HAL_Driver/Src/stm32l4xx_hal_cortex.o
 .debug_frame   0x0000000000000e6c      0x14c Drivers/STM32L4xx_HAL_Driver/Src/stm32l4xx_hal_gpio.o
 .debug_frame   0x0000000000000fb8      0x544 Drivers/STM32L4xx_HAL_Driver/Src/stm32l4xx_hal_pwr_ex.o
 .debug_frame   0x00000000000014fc      0x1f4 Drivers/STM32L4xx_HAL_Driver/Src/stm32l4xx_hal_rcc.o
 .debug_frame   0x00000000000016f0      0x2fc Drivers/STM32L4xx_HAL_Driver/Src/stm32l4xx_hal_rcc_ex.o
 .debug_frame   0x00000000000019ec      0x9e4 Drivers/STM32L4xx_HAL_Driver/Src/stm32l4xx_hal_uart.o
 .debug_frame   0x00000000000023d0       0x2c c:/users/hp2021/onedrive/documents/asi/asi work folder long tran/stm32cubeide_1.6.1/stm32cubeide/plugins/com.st.stm32cube.ide.mcu.externaltools.gnu-tools-for-stm32.9-2020-q2-update.win32_1.5.0.202011040924/tools/bin/../lib/gcc/arm-none-eabi/9.3.1/../../../../arm-none-eabi/lib/thumb/v7e-m+fp/hard\libc_nano.a(lib_a-init.o)
 .debug_frame   0x00000000000023fc       0x20 c:/users/hp2021/onedrive/documents/asi/asi work folder long tran/stm32cubeide_1.6.1/stm32cubeide/plugins/com.st.stm32cube.ide.mcu.externaltools.gnu-tools-for-stm32.9-2020-q2-update.win32_1.5.0.202011040924/tools/bin/../lib/gcc/arm-none-eabi/9.3.1/../../../../arm-none-eabi/lib/thumb/v7e-m+fp/hard\libc_nano.a(lib_a-memset.o)
 .debug_frame   0x000000000000241c       0x2c c:/users/hp2021/onedrive/documents/asi/asi work folder long tran/stm32cubeide_1.6.1/stm32cubeide/plugins/com.st.stm32cube.ide.mcu.externaltools.gnu-tools-for-stm32.9-2020-q2-update.win32_1.5.0.202011040924/tools/bin/../lib/gcc/arm-none-eabi/9.3.1/thumb/v7e-m+fp/hard\libgcc.a(_aeabi_uldivmod.o)
 .debug_frame   0x0000000000002448       0x34 c:/users/hp2021/onedrive/documents/asi/asi work folder long tran/stm32cubeide_1.6.1/stm32cubeide/plugins/com.st.stm32cube.ide.mcu.externaltools.gnu-tools-for-stm32.9-2020-q2-update.win32_1.5.0.202011040924/tools/bin/../lib/gcc/arm-none-eabi/9.3.1/thumb/v7e-m+fp/hard\libgcc.a(_udivmoddi4.o)
