stm32l4xx_it.c:74:6:NMI_Handler	4	static
stm32l4xx_it.c:89:6:HardFault_Handler	4	static
stm32l4xx_it.c:104:6:MemManage_Handler	4	static
stm32l4xx_it.c:119:6:BusFault_Handler	4	static
stm32l4xx_it.c:134:6:UsageFault_Handler	4	static
stm32l4xx_it.c:149:6:SVC_Handler	4	static
stm32l4xx_it.c:162:6:DebugMon_Handler	4	static
stm32l4xx_it.c:175:6:PendSV_Handler	4	static
stm32l4xx_it.c:188:6:SysTick_Handler	8	static
stm32l4xx_it.c:209:6:USART1_IRQHandler	8	static
stm32l4xx_it.c:223:6:USART2_IRQHandler	8	static
stm32l4xx_it.c:237:6:USART3_IRQHandler	8	static
stm32l4xx_it.c:251:6:UART4_IRQHandler	8	static
