api_ltegps_.c:39:6:api_ltegps_lteconnect	8	static
api_ltegps_.c:90:6:api_ltegps_lteping	16	static
api_ltegps_.c:130:6:api_ltegps_gpsconnect	8	static
api_ltegps_.c:179:6:api_ltegps_fwswitch	8	static
api_ltegps_.c:202:6:api_ltegps_signalquality	8	static
api_ltegps_.c:232:6:api_ltegps_signalqualitycheck	24	static
api_ltegps_.c:282:6:api_ltegps_pdpset	8	static
api_ltegps_.c:306:6:api_ltegps_pdpavailable	16	static
api_ltegps_.c:343:6:api_ltegps_pdpavailableparse	32	static
api_ltegps_.c:393:6:api_ltegps_wdsselect	8	static
api_ltegps_.c:416:6:api_ltegps_epsmode	8	static
api_ltegps_.c:440:6:api_ltegps_pdpactivate	8	static
api_ltegps_.c:466:6:api_ltegps_startnmea	8	static
api_ltegps_.c:498:6:api_ltegps_endnmea	8	static
api_ltegps_.c:524:6:api_ltegps_selectgnss	8	static
api_ltegps_.c:548:6:api_ltegps_powergnss	16	static
api_ltegps_.c:587:6:api_ltegps_parsenmea	24	static
api_ltegps_.c:662:6:api_ltegps_check	8	static
api_ltegps_.c:683:6:api_ltegps_echodisable	8	static
